[    0.000000] Linux version 4.15.0-213-generic (buildd@lcy02-amd64-079) (gcc version 7.5.0 (Ubuntu 7.5.0-3ubuntu1~18.04)) #224-Ubuntu SMP Mon Jun 19 13:30:12 UTC 2023 (Ubuntu 4.15.0-213.224-generic 4.15.18)
[    0.000000] Command line: BOOT_IMAGE=/boot/vmlinuz-4.15.0-213-generic root=UUID=f685bb41-0e3b-40c4-89c1-eea0f0583525 ro console=tty1 console=ttyS0
[    0.000000] KERNEL supported cpus:
[    0.000000]   Intel GenuineIntel
[    0.000000]   AMD AuthenticAMD
[    0.000000]   Centaur CentaurHauls
[    0.000000] x86/fpu: x87 FPU will use FXSAVE
[    0.000000] e820: BIOS-provided physical RAM map:
[    0.000000] BIOS-e820: [mem 0x0000000000000000-0x000000000009fbff] usable
[    0.000000] BIOS-e820: [mem 0x000000000009fc00-0x000000000009ffff] reserved
[    0.000000] BIOS-e820: [mem 0x00000000000f0000-0x00000000000fffff] reserved
[    0.000000] BIOS-e820: [mem 0x0000000000100000-0x000000003ffeffff] usable
[    0.000000] BIOS-e820: [mem 0x000000003fff0000-0x000000003fffffff] ACPI data
[    0.000000] BIOS-e820: [mem 0x00000000fec00000-0x00000000fec00fff] reserved
[    0.000000] BIOS-e820: [mem 0x00000000fee00000-0x00000000fee00fff] reserved
[    0.000000] BIOS-e820: [mem 0x00000000fffc0000-0x00000000ffffffff] reserved
[    0.000000] NX (Execute Disable) protection: active
[    0.000000] SMBIOS 2.5 present.
[    0.000000] DMI: innotek GmbH VirtualBox/VirtualBox, BIOS VirtualBox 12/01/2006
[    0.000000] Hypervisor detected: KVM
[    0.000000] e820: last_pfn = 0x3fff0 max_arch_pfn = 0x400000000
[    0.000000] MTRR: Disabled
[    0.000000] x86/PAT: MTRRs disabled, skipping PAT initialization too.
[    0.000000] CPU MTRRs all blank - virtualized system.
[    0.000000] x86/PAT: Configuration [0-7]: WB  WT  UC- UC  WB  WT  UC- UC  
[    0.000000] found SMP MP-table at [mem 0x0009fff0-0x0009ffff]
[    0.000000] Scanning 1 areas for low memory corruption
[    0.000000] RAMDISK: [mem 0x35819000-0x36c03fff]
[    0.000000] ACPI: Early table checksum verification disabled
[    0.000000] ACPI: RSDP 0x00000000000E0000 000024 (v02 VBOX  )
[    0.000000] ACPI: XSDT 0x000000003FFF0030 00003C (v01 VBOX   VBOXXSDT 00000001 ASL  00000061)
[    0.000000] ACPI: FACP 0x000000003FFF00F0 0000F4 (v04 VBOX   VBOXFACP 00000001 ASL  00000061)
[    0.000000] ACPI: DSDT 0x000000003FFF0610 002353 (v02 VBOX   VBOXBIOS 00000002 INTL 20100528)
[    0.000000] ACPI: FACS 0x000000003FFF0200 000040
[    0.000000] ACPI: FACS 0x000000003FFF0200 000040
[    0.000000] ACPI: APIC 0x000000003FFF0240 00005C (v02 VBOX   VBOXAPIC 00000001 ASL  00000061)
[    0.000000] ACPI: SSDT 0x000000003FFF02A0 00036C (v01 VBOX   VBOXCPUT 00000002 INTL 20100528)
[    0.000000] ACPI: Reserving FACP table memory at [mem 0x3fff00f0-0x3fff01e3]
[    0.000000] ACPI: Reserving DSDT table memory at [mem 0x3fff0610-0x3fff2962]
[    0.000000] ACPI: Reserving FACS table memory at [mem 0x3fff0200-0x3fff023f]
[    0.000000] ACPI: Reserving FACS table memory at [mem 0x3fff0200-0x3fff023f]
[    0.000000] ACPI: Reserving APIC table memory at [mem 0x3fff0240-0x3fff029b]
[    0.000000] ACPI: Reserving SSDT table memory at [mem 0x3fff02a0-0x3fff060b]
[    0.000000] No NUMA configuration found
[    0.000000] Faking a node at [mem 0x0000000000000000-0x000000003ffeffff]
[    0.000000] NODE_DATA(0) allocated [mem 0x3ffc5000-0x3ffeffff]
[    0.000000] kvm-clock: cpu 0, msr 0:3ff44001, primary cpu clock
[    0.000000] kvm-clock: Using msrs 4b564d01 and 4b564d00
[    0.000000] kvm-clock: using sched offset of 5854513637 cycles
[    0.000000] clocksource: kvm-clock: mask: 0xffffffffffffffff max_cycles: 0x1cd42e4dffb, max_idle_ns: 881590591483 ns
[    0.000000] Zone ranges:
[    0.000000]   DMA      [mem 0x0000000000001000-0x0000000000ffffff]
[    0.000000]   DMA32    [mem 0x0000000001000000-0x000000003ffeffff]
[    0.000000]   Normal   empty
[    0.000000]   Device   empty
[    0.000000] Movable zone start for each node
[    0.000000] Early memory node ranges
[    0.000000]   node   0: [mem 0x0000000000001000-0x000000000009efff]
[    0.000000]   node   0: [mem 0x0000000000100000-0x000000003ffeffff]
[    0.000000] Reserved but unavailable: 104 pages
[    0.000000] Initmem setup node 0 [mem 0x0000000000001000-0x000000003ffeffff]
[    0.000000] ACPI: PM-Timer IO Port: 0x4008
[    0.000000] IOAPIC[0]: apic_id 2, version 32, address 0xfec00000, GSI 0-23
[    0.000000] ACPI: INT_SRC_OVR (bus 0 bus_irq 0 global_irq 2 dfl dfl)
[    0.000000] ACPI: INT_SRC_OVR (bus 0 bus_irq 9 global_irq 9 low level)
[    0.000000] Using ACPI (MADT) for SMP configuration information
[    0.000000] smpboot: Allowing 2 CPUs, 0 hotplug CPUs
[    0.000000] PM: Registered nosave memory: [mem 0x00000000-0x00000fff]
[    0.000000] PM: Registered nosave memory: [mem 0x0009f000-0x0009ffff]
[    0.000000] PM: Registered nosave memory: [mem 0x000a0000-0x000effff]
[    0.000000] PM: Registered nosave memory: [mem 0x000f0000-0x000fffff]
[    0.000000] e820: [mem 0x40000000-0xfebfffff] available for PCI devices
[    0.000000] Booting paravirtualized kernel on KVM
[    0.000000] clocksource: refined-jiffies: mask: 0xffffffff max_cycles: 0xffffffff, max_idle_ns: 7645519600211568 ns
[    0.000000] setup_percpu: NR_CPUS:8192 nr_cpumask_bits:2 nr_cpu_ids:2 nr_node_ids:1
[    0.000000] percpu: Embedded 50 pages/cpu s167936 r8192 d28672 u1048576
[    0.000000] PV qspinlock hash table entries: 256 (order: 0, 4096 bytes)
[    0.000000] Built 1 zonelists, mobility grouping on.  Total pages: 257913
[    0.000000] Policy zone: DMA32
[    0.000000] Kernel command line: BOOT_IMAGE=/boot/vmlinuz-4.15.0-213-generic root=UUID=f685bb41-0e3b-40c4-89c1-eea0f0583525 ro console=tty1 console=ttyS0
[    0.000000] Memory: 981776K/1048120K available (12300K kernel code, 2477K rwdata, 4324K rodata, 2480K init, 2720K bss, 66344K reserved, 0K cma-reserved)
[    0.000000] SLUB: HWalign=64, Order=0-3, MinObjects=0, CPUs=2, Nodes=1
[    0.000000] ftrace: allocating 39508 entries in 155 pages
[    0.004000] Hierarchical RCU implementation.
[    0.004000] 	RCU restricting CPUs from NR_CPUS=8192 to nr_cpu_ids=2.
[    0.004000] 	Tasks RCU enabled.
[    0.004000] RCU: Adjusting geometry for rcu_fanout_leaf=16, nr_cpu_ids=2
[    0.004000] NR_IRQS: 524544, nr_irqs: 440, preallocated irqs: 16
[    0.004000] random: crng init done
[    0.004000] Console: colour VGA+ 80x25
[    0.004000] console [tty1] enabled
[    0.004000] console [ttyS0] enabled
[    0.004000] ACPI: Core revision 20170831
[    0.004000] ACPI: 2 ACPI AML tables successfully acquired and loaded
[    0.004000] APIC: Switch to symmetric I/O mode setup
[    0.008000] ..TIMER: vector=0x30 apic1=0 pin1=2 apic2=-1 pin2=-1
[    0.008013] tsc: Detected 2304.000 MHz processor
[    0.012019] Calibrating delay loop (skipped) preset value.. 4608.00 BogoMIPS (lpj=9216000)
[    0.016012] pid_max: default: 32768 minimum: 301
[    0.020228] Security Framework initialized
[    0.024018] Yama: becoming mindful.
[    0.028309] AppArmor: AppArmor initialized
[    0.052178] Dentry cache hash table entries: 131072 (order: 8, 1048576 bytes)
[    0.066273] Inode-cache hash table entries: 65536 (order: 7, 524288 bytes)
[    0.072293] Mount-cache hash table entries: 2048 (order: 2, 16384 bytes)
[    0.076275] Mountpoint-cache hash table entries: 2048 (order: 2, 16384 bytes)
[    0.088841] Last level iTLB entries: 4KB 0, 2MB 0, 4MB 0
[    0.092010] Last level dTLB entries: 4KB 0, 2MB 0, 4MB 0, 1GB 0
[    0.096014] Spectre V1 : Mitigation: usercopy/swapgs barriers and __user pointer sanitization
[    0.100012] Spectre V2 : Mitigation: Enhanced IBRS
[    0.104009] Spectre V2 : Spectre v2 / SpectreRSB mitigation: Filling RSB on context switch
[    0.108010] Spectre V2 : Spectre v2 / PBRSB-eIBRS: Retire a single CALL on VMEXIT
[    0.112010] RETBleed: Mitigation: Enhanced IBRS
[    0.116009] Speculative Store Bypass: Vulnerable
[    0.120382] Freeing SMP alternatives memory: 36K
[    0.245736] smpboot: CPU0: 13th Gen Intel(R) Core(TM) i7-13700HX (family: 0x6, model: 0xbf, stepping: 0x2)
[    0.249520] Performance Events: unsupported p6 CPU model 191 no PMU driver, software events only.
[    0.252682] Hierarchical SRCU implementation.
[    0.258086] NMI watchdog: Perf event create on CPU 0 failed with -2
[    0.260010] NMI watchdog: Perf NMI watchdog permanently disabled
[    0.268825] smp: Bringing up secondary CPUs ...
[    0.277881] x86: Booting SMP configuration:
[    0.280008] .... node  #0, CPUs:      #1
[    0.004000] kvm-clock: cpu 1, msr 0:3ff44041, secondary cpu clock
[    0.316000] TSC synchronization [CPU#0 -> CPU#1]:
[    0.316000] Measured 41036 cycles TSC warp between CPUs, turning off TSC clock.
[    0.316000] tsc: Marking TSC unstable due to check_tsc_sync_source failed
[    0.324845] smp: Brought up 1 node, 2 CPUs
[    0.328021] smpboot: Max logical packages: 1
[    0.332015] smpboot: Total of 2 processors activated (9216.00 BogoMIPS)
[    0.344018] devtmpfs: initialized
[    0.352352] x86/mm: Memory block size: 128MB
[    0.357329] evm: security.selinux
[    0.360016] evm: security.SMACK64
[    0.364011] evm: security.SMACK64EXEC
[    0.368010] evm: security.SMACK64TRANSMUTE
[    0.372015] evm: security.SMACK64MMAP
[    0.376008] evm: security.apparmor
[    0.380008] evm: security.ima
[    0.384008] evm: security.capability
[    0.392845] clocksource: jiffies: mask: 0xffffffff max_cycles: 0xffffffff, max_idle_ns: 7645041785100000 ns
[    0.396038] futex hash table entries: 512 (order: 3, 32768 bytes)
[    0.404649] pinctrl core: initialized pinctrl subsystem
[    0.434015] RTC time:  7:53:36, date: 09/08/23
[    0.443479] NET: Registered protocol family 16
[    0.444381] audit: initializing netlink subsys (disabled)
[    0.452246] audit: type=2000 audit(1694159620.334:1): state=initialized audit_enabled=0 res=1
[    0.480246] cpuidle: using governor ladder
[    0.484030] cpuidle: using governor menu
[    0.488191] ACPI: bus type PCI registered
[    0.492012] acpiphp: ACPI Hot Plug PCI Controller Driver version: 0.5
[    0.500012] PCI: Using configuration type 1 for base access
[    0.517025] HugeTLB registered 2.00 MiB page size, pre-allocated 0 pages
[    0.532176] ACPI: Added _OSI(Module Device)
[    0.536013] ACPI: Added _OSI(Processor Device)
[    0.540013] ACPI: Added _OSI(3.0 _SCP Extensions)
[    0.544016] ACPI: Added _OSI(Processor Aggregator Device)
[    0.548011] ACPI: Added _OSI(Linux-Dell-Video)
[    0.552014] ACPI: Added _OSI(Linux-Lenovo-NV-HDMI-Audio)
[    0.556021] ACPI: Added _OSI(Linux-HPI-Hybrid-Graphics)
[    0.564592] ACPI: Executed 1 blocks of module-level executable AML code
[    0.584842] ACPI: Interpreter enabled
[    0.588044] ACPI: (supports S0 S5)
[    0.592012] ACPI: Using IOAPIC for interrupt routing
[    0.597248] PCI: Using host bridge windows from ACPI; if necessary, use "pci=nocrs" and report a bug
[    0.600785] ACPI: Enabled 2 GPEs in block 00 to 07
[    0.636475] ACPI: PCI Root Bridge [PCI0] (domain 0000 [bus 00-ff])
[    0.640028] acpi PNP0A03:00: _OSC: OS supports [ASPM ClockPM Segments MSI]
[    0.646422] acpi PNP0A03:00: _OSC: not requesting OS control; OS requires [ExtendedConfig ASPM ClockPM MSI]
[    0.648041] acpi PNP0A03:00: fail to add MMCONFIG information, can't access extended PCI configuration space under this bridge.
[    0.656733] PCI host bridge to bus 0000:00
[    0.660022] pci_bus 0000:00: root bus resource [io  0x0000-0x0cf7 window]
[    0.664011] pci_bus 0000:00: root bus resource [io  0x0d00-0xffff window]
[    0.668015] pci_bus 0000:00: root bus resource [mem 0x000a0000-0x000bffff window]
[    0.672017] pci_bus 0000:00: root bus resource [mem 0x40000000-0xfdffffff window]
[    0.676014] pci_bus 0000:00: root bus resource [bus 00-ff]
[    0.707413] pci 0000:00:01.1: legacy IDE quirk: reg 0x10: [io  0x01f0-0x01f7]
[    0.708016] pci 0000:00:01.1: legacy IDE quirk: reg 0x14: [io  0x03f6]
[    0.712014] pci 0000:00:01.1: legacy IDE quirk: reg 0x18: [io  0x0170-0x0177]
[    0.716014] pci 0000:00:01.1: legacy IDE quirk: reg 0x1c: [io  0x0376]
[    0.790600] pci 0000:00:07.0: quirk: [io  0x4000-0x403f] claimed by PIIX4 ACPI
[    0.792341] pci 0000:00:07.0: quirk: [io  0x4100-0x410f] claimed by PIIX4 SMB
[    0.834217] ACPI: PCI Interrupt Link [LNKA] (IRQs 5 9 10 *11)
[    0.837785] ACPI: PCI Interrupt Link [LNKB] (IRQs 5 9 *10 11)
[    0.840881] ACPI: PCI Interrupt Link [LNKC] (IRQs 5 *9 10 11)
[    0.844711] ACPI: PCI Interrupt Link [LNKD] (IRQs 5 9 10 *11)
[    0.853449] SCSI subsystem initialized
[    0.860440] pci 0000:00:02.0: vgaarb: setting as boot VGA device
[    0.864000] pci 0000:00:02.0: vgaarb: VGA device added: decodes=io+mem,owns=io+mem,locks=none
[    0.864017] pci 0000:00:02.0: vgaarb: bridge control possible
[    0.868006] vgaarb: loaded
[    0.872277] ACPI: bus type USB registered
[    0.876069] usbcore: registered new interface driver usbfs
[    0.880123] usbcore: registered new interface driver hub
[    0.888054] usbcore: registered new device driver usb
[    0.896736] EDAC MC: Ver: 3.0.0
[    0.909174] PCI: Using ACPI for IRQ routing
[    0.917401] NetLabel: Initializing
[    0.920009] NetLabel:  domain hash size = 128
[    0.924009] NetLabel:  protocols = UNLABELED CIPSOv4 CALIPSO
[    0.928050] NetLabel:  unlabeled traffic allowed by default
[    0.936830] clocksource: Switched to clocksource kvm-clock
[    0.976861] VFS: Disk quotas dquot_6.6.0
[    0.976861] VFS: Dquot-cache hash table entries: 512 (order 0, 4096 bytes)
[    0.976861] AppArmor: AppArmor Filesystem Enabled
[    0.976861] pnp: PnP ACPI init
[    0.976861] pnp: PnP ACPI: found 3 devices
[    1.298963] clocksource: acpi_pm: mask: 0xffffff max_cycles: 0xffffff, max_idle_ns: 2085701024 ns
[    1.301586] NET: Registered protocol family 2
[    1.301586] IP idents hash table entries: 16384 (order: 5, 131072 bytes)
[    1.371589] TCP established hash table entries: 8192 (order: 4, 65536 bytes)
[    1.395685] TCP bind hash table entries: 8192 (order: 5, 131072 bytes)
[    1.420828] TCP: Hash tables configured (established 8192 bind 8192)
[    1.447152] UDP hash table entries: 512 (order: 2, 16384 bytes)
[    1.466948] UDP-Lite hash table entries: 512 (order: 2, 16384 bytes)
[    1.487914] NET: Registered protocol family 1
[    1.503207] pci 0000:00:00.0: Limiting direct PCI/PCI transfers
[    1.522692] pci 0000:00:01.0: Activating ISA DMA hang workarounds
[    1.544082] pci 0000:00:02.0: Video device with shadowed ROM at [mem 0x000c0000-0x000dffff]
[    1.573978] Unpacking initramfs...
[    3.319730] Freeing initrd memory: 20396K
[    3.334346] clocksource: tsc: mask: 0xffffffffffffffff max_cycles: 0x2135f7c97c8, max_idle_ns: 440795273205 ns
[    3.366885] platform rtc_cmos: registered platform RTC device (no PNP device found)
[    3.390799] Scanning for low memory corruption every 60 seconds
[    3.418787] Initialise system trusted keyrings
[    3.433371] Key type blacklist registered
[    3.449083] workingset: timestamp_bits=36 max_order=18 bucket_order=0
[    3.475321] zbud: loaded
[    3.489983] squashfs: version 4.0 (2009/01/31) Phillip Lougher
[    3.511592] fuse init (API version 7.26)
[    3.612945] Key type asymmetric registered
[    3.626642] Asymmetric key parser 'x509' registered
[    3.641959] Block layer SCSI generic (bsg) driver version 0.4 loaded (major 246)
[    3.666610] io scheduler noop registered
[    3.679039] io scheduler deadline registered
[    3.692519] io scheduler cfq registered (default)
[    3.709699] ACPI: AC Adapter [AC] (on-line)
[    3.722963] input: Power Button as /devices/LNXSYSTM:00/LNXPWRBN:00/input/input0
[    3.748605] ACPI: Power Button [PWRF]
[    3.759851] input: Sleep Button as /devices/LNXSYSTM:00/LNXSLPBN:00/input/input1
[    3.763372] ACPI: Sleep Button [SLPF]
[    3.802754] Serial: 8250/16550 driver, 32 ports, IRQ sharing enabled
[    3.806454] ACPI: Battery Slot [BAT0] (battery present)
[    3.897176] 00:02: ttyS0 at I/O 0x3f8 (irq = 4, base_baud = 115200) is a 16550A
[    3.940331] Linux agpgart interface v0.103
[    3.962968] loop: module loaded
[    3.986488] scsi host0: ata_piix
[    4.002063] scsi host1: ata_piix
[    4.014703] ata1: PATA max UDMA/33 cmd 0x1f0 ctl 0x3f6 bmdma 0xd000 irq 14
[    4.036858] ata2: PATA max UDMA/33 cmd 0x170 ctl 0x376 bmdma 0xd008 irq 15
[    4.062504] tun: Universal TUN/TAP device driver, 1.6
[    4.086807] PPP generic driver version 2.4.2
[    4.101387] ehci_hcd: USB 2.0 'Enhanced' Host Controller (EHCI) Driver
[    4.121986] ehci-pci: EHCI PCI platform driver
[    4.136738] ehci-platform: EHCI generic platform driver
[    4.153333] ohci_hcd: USB 1.1 'Open' Host Controller (OHCI) Driver
[    4.172710] ohci-pci: OHCI PCI platform driver
[    4.186603] ohci-platform: OHCI generic platform driver
[    4.203508] uhci_hcd: USB Universal Host Controller Interface driver
[    4.232785] i8042: PNP: PS/2 Controller [PNP0303:PS2K,PNP0f03:PS2M] at 0x60,0x64 irq 1,12
[    4.304682] serio: i8042 KBD port at 0x60,0x64 irq 1
[    4.320657] serio: i8042 AUX port at 0x60,0x64 irq 12
[    4.373244] mousedev: PS/2 mouse device common for all mice
[    4.405794] rtc_cmos rtc_cmos: rtc core: registered rtc_cmos as rtc0
[    4.427290] input: AT Translated Set 2 keyboard as /devices/platform/i8042/serio0/input/input2
[    4.456397] rtc_cmos rtc_cmos: alarms up to one day, 114 bytes nvram
[    4.477543] i2c /dev entries driver
[    4.491064] device-mapper: uevent: version 1.0.3
[    4.507972] device-mapper: ioctl: 4.37.0-ioctl (2017-09-20) initialised: dm-devel@redhat.com
[    4.536993] ledtrig-cpu: registered to indicate activity on CPUs
[    4.564996] NET: Registered protocol family 10
[    4.609853] Segment Routing with IPv6
[    4.625642] NET: Registered protocol family 17
[    4.645296] Key type dns_resolver registered
[    4.661838] mce: Using 0 MCE banks
[    4.675429] RAS: Correctable Errors collector initialized.
[    4.694617] sched_clock: Marking stable (4694449737, 0)->(8216530528, -3522080791)
[    4.732878] registered taskstats version 1
[    4.747939] Loading compiled-in X.509 certificates
[    4.781803] Loaded X.509 cert 'Build time autogenerated kernel key: cdc7189136aaa35407544516090e2034d9c28e14'
[    4.812538] Loaded X.509 cert 'Canonical Ltd. Live Patch Signing: 14df34d1a87cf37625abec039ef2bf521249b969'
[    4.845697] Loaded X.509 cert 'Canonical Ltd. Kernel Module Signing: 88f752e560a1e0737e31163a466ad7b70a850c19'
[    4.872766] blacklist: Loading compiled-in revocation X.509 certificates
[    4.897834] Loaded X.509 cert 'Canonical Ltd. Secure Boot Signing: 61482aa2830d0ab2ad5af10b7250da9033ddcef0'
[    4.932124] Loaded X.509 cert 'Canonical Ltd. Secure Boot Signing (2017): 242ade75ac4a15e50d50c84b0d45ff3eae707a03'
[    4.966526] Loaded X.509 cert 'Canonical Ltd. Secure Boot Signing (ESM 2018): 365188c1d374d6b07c3c8f240f8ef722433d6a8b'
[    5.001914] Loaded X.509 cert 'Canonical Ltd. Secure Boot Signing (2019): c0746fd6c5da3ae827864651ad66ae47fe24b3e8'
[    5.038321] Loaded X.509 cert 'Canonical Ltd. Secure Boot Signing (2021 v1): a8d54bbb3825cfb94fa13c9f8a594a195c107b8d'
[    5.079131] Loaded X.509 cert 'Canonical Ltd. Secure Boot Signing (2021 v2): 4cf046892d6fd3c9a5b03f98d845f90851dc6a8c'
[    5.114638] Loaded X.509 cert 'Canonical Ltd. Secure Boot Signing (2021 v3): 100437bb6de6e469b581e61cd66bce3ef4ed53af'
[    5.150283] Loaded X.509 cert 'Canonical Ltd. Secure Boot Signing (Ubuntu Core 2019): c1d57b8f6b743f23ee41f4f7ee292f06eecadfb9'
[    5.188017] zswap: loaded using pool lzo/zbud
[    5.240508] Key type big_key registered
[    5.254242] Key type trusted registered
[    5.279714] Key type encrypted registered
[    5.294680] AppArmor: AppArmor sha1 policy hashing enabled
[    5.315293] ima: No TPM chip found, activating TPM-bypass! (rc=-19)
[    5.337496] ima: Allocated hash algorithm: sha1
[    5.354554] evm: HMAC attrs: 0x1
[    5.370543]   Magic number: 7:698:874
[    5.387539] rtc_cmos rtc_cmos: setting system clock to 2023-09-08 07:53:41 UTC (1694159621)
[    5.426987] BIOS EDD facility v0.16 2004-Jun-25, 0 devices found
[    5.447142] EDD information not available.
[    5.472640] Freeing unused kernel image memory: 2480K
[    5.508834] Write protecting the kernel read-only data: 20480k
[    5.531659] Freeing unused kernel image memory: 2008K
[    5.550769] Freeing unused kernel image memory: 1820K
[    5.582037] x86/mm: Checked W+X mappings: passed, no W+X pages found.
Loading, please wait...
starting version 237
[    5.921678] e1000: Intel(R) PRO/1000 Network Driver - version 7.3.21-k8-NAPI
[    5.949364] e1000: Copyright (c) 1999-2006 Intel Corporation.
[    6.033005] Fusion MPT base driver 3.04.20
[    6.046547] Copyright (c) 1999-2008 LSI Corporation
[    6.144729] SSE version of gcm_enc/dec engaged.
[    6.174942] Fusion MPT SPI Host driver 3.04.20
[    6.303239] input: ImExPS/2 Generic Explorer Mouse as /devices/platform/i8042/serio1/input/input4
[    7.768853] e1000 0000:00:03.0 eth0: (PCI:33MHz:32-bit) 02:3b:7b:b7:3b:2d
[    7.791950] e1000 0000:00:03.0 eth0: Intel(R) PRO/1000 Network Connection
[    7.821932] mptbase: ioc0: Initiating bringup
[    7.957479] ioc0: LSI53C1030 A0: Capabilities={Initiator}
[    8.265886] scsi host2: ioc0: LSI53C1030 A0, FwRev=00000000h, Ports=1, MaxQ=256, IRQ=20
[    8.472016] scsi 2:0:0:0: Direct-Access     VBOX     HARDDISK         1.0  PQ: 0 ANSI: 5
[    9.088494] scsi target2:0:0: Beginning Domain Validation
[    9.431735] scsi target2:0:0: Domain Validation skipping write tests
[    9.454773] scsi target2:0:0: Ending Domain Validation
[    9.475379] scsi target2:0:0: asynchronous
[    9.497736] scsi 2:0:1:0: Direct-Access     VBOX     HARDDISK         1.0  PQ: 0 ANSI: 5
[    9.880538] scsi target2:0:1: Beginning Domain Validation
[    9.930786] scsi target2:0:1: Domain Validation skipping write tests
[    9.961177] scsi target2:0:1: Ending Domain Validation
[    9.976798] scsi target2:0:1: asynchronous
[   10.024122] sd 2:0:0:0: [sda] 83886080 512-byte logical blocks: (42.9 GB/40.0 GiB)
[   10.047396] sd 2:0:0:0: Attached scsi generic sg0 type 0
[   10.047556] sd 2:0:0:0: [sda] Write Protect is off
[   10.085440] sd 2:0:0:0: [sda] Incomplete mode parameter data
[   10.105189] sd 2:0:0:0: [sda] Assuming drive cache: write through
[   10.131438] sd 2:0:1:0: Attached scsi generic sg1 type 0
[   10.153380] sd 2:0:1:0: [sdb] 20480 512-byte logical blocks: (10.5 MB/10.0 MiB)
[   10.176843] e1000 0000:00:08.0 eth1: (PCI:33MHz:32-bit) 08:00:27:aa:c0:ea
[   10.182108] sd 2:0:1:0: [sdb] Write Protect is off
[   10.193541] e1000 0000:00:08.0 eth1: Intel(R) PRO/1000 Network Connection
[   10.228878]  sda: sda1
[   10.230084] sd 2:0:1:0: [sdb] Incomplete mode parameter data
[   10.254553] sd 2:0:1:0: [sdb] Assuming drive cache: write through
[   10.283246] sd 2:0:0:0: [sda] Attached SCSI disk
[   10.306992] sd 2:0:1:0: [sdb] Attached SCSI disk
[   10.331816] e1000 0000:00:03.0 enp0s3: renamed from eth0
[   10.366069] e1000 0000:00:08.0 enp0s8: renamed from eth1
Begin: Loading essential drivers ... [   14.661472] raid6: sse2x1   gen() 15957 MB/s
[   15.658856] raid6: sse2x1   xor() 77172 MB/s
[   16.660883] raid6: sse2x2   gen() 167860 MB/s
[   18.658549] raid6: sse2x2   xor() 97954 MB/s
[   19.659146] raid6: sse2x4   gen() 184071 MB/s
[   19.737117] raid6: sse2x4   xor()  5226 MB/s
[   19.753003] raid6: using algorithm sse2x4 gen() 184071 MB/s
[   19.772705] raid6: .... xor() 5226 MB/s, rmw enabled
[   19.783878] raid6: using ssse3x2 recovery algorithm
[   19.807892] xor: measuring software checksum speed
[   19.860619]    prefetch64-sse:  9820.000 MB/sec
[   19.916785]    generic_sse:  7185.000 MB/sec
[   19.930885] xor: using function: prefetch64-sse (9820.000 MB/sec)
[   19.955186] async_tx: api initialized (async)
done.
Begin: Running /scripts/init-premount ... done.
Begin: Mounting root file system ... Begin: Running /scripts/local-top ... done.
Begin: Running /scripts/local-premount ... [   20.179198] Btrfs loaded, crc32c=crc32c-intel
Scanning for Btrfs filesystems
done.
Begin: Will now check root file system ... fsck from util-linux 2.31.1
[/sbin/fsck.ext4 (1) -- /dev/sda1] fsck.ext4 -a -C0 /dev/sda1 
cloudimg-rootfs: recovering journal
cloudimg-rootfs: clean, 99009/5120000 files, 743570/10485499 blocks
done.
[   20.436427] EXT4-fs (sda1): mounted filesystem with ordered data mode. Opts: (null)
done.
Begin: Running /scripts/local-bottom ... done.
Begin: Running /scripts/init-bottom ... done.
[   21.116488] ip_tables: (C) 2000-2006 Netfilter Core Team
[   21.169932] systemd[1]: systemd 237 running in system mode. (+PAM +AUDIT +SELINUX +IMA +APPARMOR +SMACK +SYSVINIT +UTMP +LIBCRYPTSETUP +GCRYPT +GNUTLS +ACL +XZ +LZ4 +SECCOMP +BLKID +ELFUTILS +KMOD -IDN2 +IDN -PCRE2 default-hierarchy=hybrid)
[   21.225428] systemd[1]: Detected virtualization oracle.
[   21.242630] systemd[1]: Detected architecture x86-64.

Welcome to [1mUbuntu 18.04.6 LTS[0m!

[   21.349360] systemd[1]: Set hostname to <web01>.
[   22.110950] systemd[1]: Created slice System Slice.
[[0;32m  OK  [0m] Created slice System Slice.
[   22.141942] systemd[1]: Created slice system-serial\x2dgetty.slice.
[[0;32m  OK  [0m] Created slice system-serial\x2dgetty.slice.
[   22.176263] systemd[1]: Listening on LVM2 metadata daemon socket.
[[0;32m  OK  [0m] Listening on LVM2 metadata daemon socket.
[   22.210900] systemd[1]: Listening on udev Control Socket.
[[0;32m  OK  [0m] Listening on udev Control Socket.
[   22.243624] systemd[1]: Set up automount Arbitrary Executable File Formats File System Automount Point.
[[0;32m  OK  [0m] Set up automount Arbitrary Executabâ€¦rmats File System Automount Point.
[   22.288243] systemd[1]: Listening on Network Service Netlink Socket.
[[0;32m  OK  [0m] Listening on Network Service Netlink Socket.
[[0;32m  OK  [0m] Reached target User and Group Name Lookups.
[[0;32m  OK  [0m] Reached target Mounting snaps.
[[0;32m  OK  [0m] Reached target Mounted snaps.
[[0;32m  OK  [0m] Listening on Journal Socket (/dev/log).
[[0;32m  OK  [0m] Reached target System Time Synchronized.
[[0;32m  OK  [0m] Started Forward Password Requests to Wall Directory Watch.
[[0;32m  OK  [0m] Created slice User and Session Slice.
[[0;32m  OK  [0m] Reached target Slices.
[[0;32m  OK  [0m] Listening on fsck to fsckd communication Socket.
[[0;32m  OK  [0m] Listening on /dev/initctl Compatibility Named Pipe.
[[0;32m  OK  [0m] Listening on Journal Socket.
         Mounting Huge Pages File System...
         Starting Set the console keyboard layout...
         Mounting POSIX Message Queue File System...
         Starting Load Kernel Modules...
         Starting Create list of required stâ€¦ce nodes for the current kernel...
         Mounting Kernel Debug File System...
[   22.594884] Loading iSCSI transport class v2.0-870.
[[0;32m  OK  [0m] Listening on LVM2 poll daemon socket.
[[0;32m  OK  [0m] Listening on Journal Audit Socket.
[[0;32m  OK  [0m] Listening on Device-mapper event daemon FIFOs.
         Starting Monitoring of LVM2 mirrorsâ€¦ng dmeventd or progress polling...
[[0;32m  OK  [0m] Reached target Swap.
[[0;32m  OK  [0m] Listening on Syslog Socket.
         Starting Journal Service...
[   22.722782] iscsi: registered transport (tcp)
[[0;32m  OK  [0m] Listening on udev Kernel Socket.
         Starting udev Coldplug all Devices...
         Starting Remount Root and Kernel File Systems...
         Starting Uncomplicated firewall...
[[0;32m  OK  [0m] Mounted Huge Pages File System.
[[0;32m  OK  [0m] Mounted POSIX Message Queue File System.
[[0;32m  OK  [0m] Started Create list of required staâ€¦vice nodes for the current kernel.
[[0;32m  OK  [0m] Mounted Kernel Debug File System.
[[0;32m  OK  [0m] Started Uncomplicated firewall.
         Starting Create Static Device Nodes in /dev...
[[0;32m  OK  [0m] Started udev Coldplug all Devices.
[   22.964693] EXT4-fs (sda1): re-mounted. Opts: (null)
[[0;32m  OK  [0m] Started Create Static Device Nodes in /dev.
[[0;32m  OK  [0m] Started Remount Root and Kernel File Systems.
         Starting udev Kernel Device Manager...
         Starting Load/Save Random Seed...
[[0;32m  OK  [0m] Started Set the console keyboard layout.
[[0;32m  OK  [0m] Started LVM2 metadata daemon.
[[0;32m  OK  [0m] Started udev Kernel Device Manager.
[[0;32m  OK  [0m] Started Dispatch Password Requests to Console Directory Watch.
[[0;32m  OK  [0m] Reached target Local Encrypted Volumes.
[[0;32m  OK  [0m] Started Load/Save Random Seed.
[   23.318385] iscsi: registered transport (iser)
[[0;32m  OK  [0m] Started Journal Service.
[[0;32m  OK  [0m] Started Load Kernel Modules.
         Starting Apply Kernel Variables...
         Mounting Kernel Configuration File System...
         Mounting FUSE Control File System...
         Starting Flush Journal to Persistent Storage...
[[0;32m  OK  [0m] Mounted Kernel Configuration File System.
[[0;32m  OK  [0m] Mounted FUSE Control File System.
[[0;32m  OK  [0m] Started Monitoring of LVM2 mirrors,â€¦sing dmeventd or progress polling.
[[0;32m  OK  [0m] Reached target Local File Systems (Pre).
[[0;32m  OK  [0m] Reached target Local File Systems.
         Starting Tell Plymouth To Write Out Runtime Data...
         Starting Set console font and keymap...
         Starting AppArmor initialization...
         Starting ebtables ruleset management...
[[0;32m  OK  [0m] Started Apply Kernel Variables.
[[0;32m  OK  [0m] Started Tell Plymouth To Write Out Runtime Data.
[[0;32m  OK  [0m] Started Set console font and keymap.
[[0;32m  OK  [0m] Started ebtables ruleset management.
[[0;32m  OK  [0m] Started Flush Journal to Persistent Storage.
         Starting Create Volatile Files and Directories...
[[0;32m  OK  [0m] Started Create Volatile Files and Directories.
         Starting Update UTMP about System Boot/Shutdown...
[[0;32m  OK  [0m] Started Update UTMP about System Boot/Shutdown.
[[0;32m  OK  [0m] Found device /dev/ttyS0.
[[0;32m  OK  [0m] Started AppArmor initialization.
[[0;32m  OK  [0m] Listening on Load/Save RF Kill Switch Status /dev/rfkill Watch.
         Starting Load AppArmor profiles managed internally by snapd...
         Starting Initial cloud-init job (pre-networking)...
         Mounting Arbitrary Executable File Formats File System...
[[0;32m  OK  [0m] Mounted Arbitrary Executable File Formats File System.
[[0;32m  OK  [0m] Started Load AppArmor profiles managed internally by snapd.
[   28.751155] cloud-init[561]: Cloud-init v. 23.1.2-0ubuntu0~18.04.1 running 'init-local' at Fri, 08 Sep 2023 07:54:04 +0000. Up 28.31 seconds.
[[0;32m  OK  [0m] Started Initial cloud-init job (pre-networking).
[[0;32m  OK  [0m] Reached target Network (Pre).
         Starting Network Service...
[[0;32m  OK  [0m] Started Network Service.
         Starting Network Name Resolution...
         Starting Wait for Network to be Configured...
[[0;32m  OK  [0m] Started Network Name Resolution.
[[0;32m  OK  [0m] Reached target Host and Network Name Lookups.
[[0;32m  OK  [0m] Reached target Network.
[[0;32m  OK  [0m] Started Wait for Network to be Configured.
         Starting Initial cloud-init job (metadata service crawler)...
[   32.588119] cloud-init[684]: Cloud-init v. 23.1.2-0ubuntu0~18.04.1 running 'init' at Fri, 08 Sep 2023 07:54:08 +0000. Up 32.21 seconds.
[   32.604767] cloud-init[684]: ci-info: ++++++++++++++++++++++++++++++++++++++Net device info+++++++++++++++++++++++++++++++++++++++
[   32.621350] cloud-init[684]: ci-info: +--------+------+-----------------------------+---------------+--------+-------------------+
[   32.633850] cloud-init[684]: ci-info: | Device |  Up  |           Address           |      Mask     | Scope  |     Hw-Address    |
[   32.648587] cloud-init[684]: ci-info: +--------+------+-----------------------------+---------------+--------+-------------------+
[   32.663022] cloud-init[684]: ci-info: | enp0s3 | True |          10.0.2.15          | 255.255.255.0 | global | 02:3b:7b:b7:3b:2d |
[   32.677126] cloud-init[684]: ci-info: | enp0s3 | True |  fe80::3b:7bff:feb7:3b2d/64 |       .       |  link  | 02:3b:7b:b7:3b:2d |
[   32.689253] cloud-init[684]: ci-info: | enp0s8 | True |        192.168.56.11        | 255.255.255.0 | global | 08:00:27:aa:c0:ea |
[   32.702988] cloud-init[684]: ci-info: | enp0s8 | True | fe80::a00:27ff:feaa:c0ea/64 |       .       |  link  | 08:00:27:aa:c0:ea |
[   32.717702] cloud-init[684]: ci-info: |   lo   | True |          127.0.0.1          |   255.0.0.0   |  host  |         .         |
[   32.730242] cloud-init[684]: ci-info: |   lo   | True |           ::1/128           |       .       |  host  |         .         |
[   32.744735] cloud-init[684]: ci-info: +--------+------+-----------------------------+---------------+--------+-------------------+
[   32.758056] cloud-init[684]: ci-info: +++++++++++++++++++++++++++++Route IPv4 info+++++++++++++++++++++++++++++
[   32.769278] cloud-init[684]: ci-info: +-------+--------------+----------+-----------------+-----------+-------+
[   32.780480] cloud-init[684]: ci-info: | Route | Destination  | Gateway  |     Genmask     | Interface | Flags |
[   32.791298] cloud-init[684]: ci-info: +-------+--------------+----------+-----------------+-----------+-------+
[   32.803104] cloud-init[684]: ci-info: |   0   |   0.0.0.0    | 10.0.2.2 |     0.0.0.0     |   enp0s3  |   UG  |
[   32.815455] cloud-init[684]: ci-info: |   1   |   10.0.2.0   | 0.0.0.0  |  255.255.255.0  |   enp0s3  |   U   |
[   32.827395] cloud-init[684]: ci-info: |   2   |   10.0.2.2   | 0.0.0.0  | 255.255.255.255 |   enp0s3  |   UH  |
[   32.839859] cloud-init[684]: ci-info: |   3   | 192.168.56.0 | 0.0.0.0  |  255.255.255.0  |   enp0s8  |   U   |
[   32.851618] cloud-init[684]: ci-info: +-------+--------------+----------+-----------------+-----------+-------+
[   32.863809] cloud-init[684]: ci-info: +++++++++++++++++++Route IPv6 info+++++++++++++++++++
[   32.873664] cloud-init[684]: ci-info: +-------+-------------+---------+-----------+-------+
[   32.884124] cloud-init[684]: ci-info: | Route | Destination | Gateway | Interface | Flags |
[   32.894468] cloud-init[684]: ci-info: +-------+-------------+---------+-----------+-------+
[   32.904915] cloud-init[684]: ci-info: |   1   |  fe80::/64  |    ::   |   enp0s8  |   U   |
[   32.913894] cloud-init[684]: ci-info: |   2   |  fe80::/64  |    ::   |   enp0s3  |   U   |
[   32.924063] cloud-init[684]: ci-info: |   4   |    local    |    ::   |   enp0s3  |   U   |
[   32.934173] cloud-init[684]: ci-info: |   5   |    local    |    ::   |   enp0s8  |   U   |
[   32.944909] cloud-init[684]: ci-info: |   6   |   ff00::/8  |    ::   |   enp0s8  |   U   |
[   32.954263] cloud-init[684]: ci-info: |   7   |   ff00::/8  |    ::   |   enp0s3  |   U   |
[   32.965022] cloud-init[684]: ci-info: +-------+-------------+---------+-----------+-------+
[[0;32m  OK  [0m] Started Initial cloud-init job (metadata service crawler).
[[0;32m  OK  [0m] Reached target System Initialization.
         Starting Socket activation for snappy daemon.
[[0;32m  OK  [0m] Started Message of the Day.
[[0;32m  OK  [0m] Started ACPI Events Check.
[[0;32m  OK  [0m] Started Daily Cleanup of Temporary Directories.
[[0;32m  OK  [0m] Started Discard unused blocks once a week.
[[0;32m  OK  [0m] Listening on Open-iSCSI iscsid Socket.
[[0;32m  OK  [0m] Listening on UUID daemon activation socket.
[[0;32m  OK  [0m] Listening on ACPID Listen Socket.
[[0;32m  OK  [0m] Reached target Paths.
[[0;32m  OK  [0m] Started Ubuntu Advantage Timer for running repeated jobs.
[[0;32m  OK  [0m] Listening on cloud-init hotplug hook socket.
         Starting LXD - unix socket.
[[0;32m  OK  [0m] Listening on D-Bus System Message Bus Socket.
[[0;32m  OK  [0m] Started Daily apt download activities.
[[0;32m  OK  [0m] Started Daily apt upgrade and clean activities.
[[0;32m  OK  [0m] Reached target Timers.
[[0;32m  OK  [0m] Reached target Cloud-config availability.
[[0;32m  OK  [0m] Reached target Network is Online.
         Starting Availability of block devices...
[[0;32m  OK  [0m] Reached target Remote File Systems (Pre).
         Mounting /vagrant...
[[0;32m  OK  [0m] Listening on Socket activation for snappy daemon.
[[0;32m  OK  [0m] Listening on LXD - unix socket.
[[0;32m  OK  [0m] Started Availability of block devices.
[[0;32m  OK  [0m] Mounted /vagrant.
[[0;32m  OK  [0m] Reached target Remote File Systems.
[[0;32m  OK  [0m] Reached target Sockets.
[[0;32m  OK  [0m] Reached target Basic System.
[[0;32m  OK  [0m] Started D-Bus System Message Bus.
[[0;32m  OK  [0m] Started FUSE filesystem for LXC.
         Starting LXD - container startup/shutdown...
         Starting Permit User Sessions...
[[0;32m  OK  [0m] Started Deferred execution scheduler.
         Starting Dispatcher daemon for systemd-networkd...
         Starting Login Service...
[[0;32m  OK  [0m] Started Regular background program processing daemon.
[[0;32m  OK  [0m] Started irqbalance daemon.
         Starting LSB: Record successful boot for GRUB...
         Starting System Logging Service...
         Starting LSB: automatic crash report generation...
[[0;32m  OK  [0m] Reached target Login Prompts (Pre).
         Starting OpenBSD Secure Shell server...
         Starting Accounts Service...
         Starting Virtualbox guest utils...
         Starting Snap Daemon...
[[0;32m  OK  [0m] Started System Logging Service.
[[0;32m  OK  [0m] Started Permit User Sessions.
[[0;32m  OK  [0m] Started Login Service.
[[0;32m  OK  [0m] Started Unattended Upgrades Shutdown.
         Starting Terminate Plymouth Boot Screen...
         Starting Hold until boot process finishes up...
[[0;32m  OK  [0m] Started Hold until boot process finishes up.
[[0;32m  OK  [0m] Started Serial Getty on ttyS0.
         Starting Set console scheme...
[[0;32m  OK  [0m] Started Terminate Plymouth Boot Screen.
[[0;32m  OK  [0m] Started OpenBSD Secure Shell server.
[[0;32m  OK  [0m] Started Set console scheme.
[[0;32m  OK  [0m] Created slice system-getty.slice.
[[0;32m  OK  [0m] Started Getty on tty1.
[[0;32m  OK  [0m] Reached target Login Prompts.
[[0;32m  OK  [0m] Started LSB: automatic crash report generation.
[[0;32m  OK  [0m] Started LXD - container startup/shutdown.
         Starting Authorization Manager...
[[0;32m  OK  [0m] Started LSB: Record successful boot for GRUB.
[[0;32m  OK  [0m] Started Authorization Manager.
[[0;32m  OK  [0m] Started Accounts Service.
[[0;32m  OK  [0m] Started Dispatcher daemon for systemd-networkd.
[[0;32m  OK  [0m] Started Virtualbox guest utils.
[[0;32m  OK  [0m] Created slice User Slice of vagrant.
         Starting User Manager for UID 1000...
[[0;32m  OK  [0m] Started Session 1 of user vagrant.
[[0;32m  OK  [0m] Started User Manager for UID 1000.
[[0;32m  OK  [0m] Started Snap Daemon.
         Starting Wait until snapd is fully seeded...
         Starting Time & Date Service...
[[0;32m  OK  [0m] Started Time & Date Service.
[[0;32m  OK  [0m] Started Wait until snapd is fully seeded.
         Starting Apply the settings specified in cloud-config...
[   39.649808] cloud-init[1133]: Cloud-init v. 23.1.2-0ubuntu0~18.04.1 running 'modules:config' at Fri, 08 Sep 2023 07:54:15 +0000. Up 39.43 seconds.
[[0;32m  OK  [0m] Started Apply the settings specified in cloud-config.
[[0;32m  OK  [0m] Reached target Multi-User System.
         Starting Execute cloud user/final scripts...
[[0;32m  OK  [0m] Reached target Graphical Interface.
         Starting Update UTMP about System Runlevel Changes...
[[0;32m  OK  [0m] Started Update UTMP about System Runlevel Changes.

Ubuntu 18.04.6 LTS web01 ttyS0

web01 login: [   41.197728] cloud-init[1235]: Cloud-init v. 23.1.2-0ubuntu0~18.04.1 running 'modules:final' at Fri, 08 Sep 2023 07:54:16 +0000. Up 40.81 seconds.
[   41.198012] cloud-init[1235]: Cloud-init v. 23.1.2-0ubuntu0~18.04.1 finished at Fri, 08 Sep 2023 07:54:17 +0000. Datasource DataSourceNoCloud [seed=/dev/sdb][dsmode=net].  Up 41.15 seconds
[27197.935175] INFO: rcu_sched self-detected stall on CPU
[27197.935613] INFO: rcu_sched self-detected stall on CPU
[27197.950264] 	0-...!: (1 ticks this GP) idle=c9a/1/0 softirq=66735/66735 fqs=0 
[27197.989608] 	 (t=623735 jiffies g=18534 c=18533 q=8)
[27197.993433] 	1-...!: (1 ticks this GP) idle=9da/1/0 softirq=29362/29362 fqs=0 
[27198.004634] rcu_sched kthread starved for 623735 jiffies! g18534 c18533 f0x0 RCU_GP_WAIT_FQS(3) ->state=0x402 ->cpu=1
[27198.026563] 	 (t=623735 jiffies g=18534 c=18533 q=8)
[27198.026570] rcu_sched kthread starved for 623735 jiffies! g18534 c18533 f0x0 RCU_GP_WAIT_FQS(3) ->state=0x402 ->cpu=1
         Stopping Session 14 of user vagrant.
         Stopping Availability of block devices...
[[0;32m  OK  [0m] Stopped target Timers.
[[0;32m  OK  [0m] Stopped Message of the Day.
[[0;32m  OK  [0m] Stopped target Cloud-init target.
[[0;32m  OK  [0m] Stopped Daily apt upgrade and clean activities.
[[0;32m  OK  [0m] Stopped Daily apt download activities.
         Stopping Authorization Manager...
         Stopping User Manager for UID 1000...
[[0;32m  OK  [0m] Stopped target Graphical Interface.
         Stopping Accounts Service...
[[0;32m  OK  [0m] Stopped Discard unused blocks once a week.
[[0;32m  OK  [0m] Stopped target System Time Synchronized.
[[0;32m  OK           Stopping System Logging Service...
         Stopping LXD - container startup/shutdown...
         Stopping LSB: Record successful boot for GRUB...
         Stopping OpenBSD Secure Shell server...
         Stopping Dispatcher daemon for systemd-networkd...
         Stopping Virtualbox guest utils...
         Stopping FUSE filesystem for LXC...
         Stopping Deferred execution scheduler...
[[0;32m  OK  [0m] Stopped Apply the settings specified in cloud-config.
[[0;32m  OK  [0m] Stopped Wait until snapd is fully seeded.
[[0;32m  OK  [0m] Stopped target Cloud-config availability.
         Stopping irqbalance daemon...
         Stopping Regular background program processing daemon...
[[0;32m  OK  [0m] Stopped Deferred execution scheduler.
[[0;32m  OK  [0m] Stopped Regular background program processing daemon.
[[0;32m  OK  [0m] Stopped irqbalance daemon.
[[0;32m  OK  [0m] Unmounted /var/lib/lxcfs.
[[0;32m  OK  [0m] Stopped OpenBSD Secure Shell server.
[[0;32m  OK  [0m] Stopped Accounts Service.
[[0;32m  OK  [0m] Stopped System Logging Service.
[[0;32m  OK  [0m] Stopped Serial Getty on ttyS0.
[[0;32m  OK  [0m] Stopped Getty on tty1.
[[0;32m  OK  [0m] Stopped Dispatcher daemon for systemd-networkd.
[[0;32m  OK  [0m] Stopped Authorization Manager.
[[0;32m  OK  [0m] Stopped User Manager for UID 1000.
[[0;32m  OK  [0m] Stopped D-Bus System Message Bus.
[[0;32m  OK  [0m] Stopped FUSE filesystem for LXC.
[[0;32m  OK  [0m] Stopped Session 14 of user vagrant.
[[0;32m  OK  [0m] Stopped LXD - container startup/shutdown.
[[0;32m  OK  [0m] Removed slice User Slice of vagrant.
[[0;32m  OK  [0m] Removed slice system-getty.slice.
[[0;32m  OK  [0m] Stopped target Login Prompts (Pre).
[[0;32m  OK  [0m] Removed slice system-serial\x2dgetty.slice.
         Stopping Permit User Sessions...
[[0;32m  OK  [0m] Stopped Permit User Sessions.
[[0;32m  OK  [0m] Stopped LSB: automatic crash report generation.
[[0;32m  OK  [0m] Stopped A high performance web server and a reverse proxy server.
[[0;32m  OK  [0m] Stopped target Remote File Systems.
         Unmounting /vagrant...
[[0;32m  OK  [0m] Stopped LSB: Record successful boot for GRUB.
[[0;32m  OK  [0m] Unmounted /vagrant.
[[0;32m  OK  [0m] Stopped target Network is Online.
[[0;32m  OK  [0m] Stopped target Remote File Systems (Pre).
[[0;32m  OK  [0m] Stopped Virtualbox guest utils.
[[0;32m  OK  [0m] Stopped Availability of block devices.
[[0;32m  OK  [0m] Stopped Unattended Upgrades Shutdown.
[[0;32m  OK  [0m] Stopped target Network.
         Stopping Network Name Resolution...
         Stopping Login Service...
[[0;32m  OK  [0m] Stopped Network Name Resolution.
         Stopping Network Service...
[[0;32m  OK  [0m] Stopped Login Service.
[[0;32m  OK  [0m] Stopped target Basic System.
[[0;32m  OK  [0m] Stopped target Slices.
[[0;32m  OK  [0m] Removed slice User and Session Slice.
[[0;32m  OK  [0m] Stopped target Paths.
[[0;32m  OK  [0m] Stopped ACPI Events Check.
[[0;32m  OK  [0m] Stopped target Sockets.
[[0;32m  OK  [0m] Closed Open-iSCSI iscsid Socket.
[[0;32m  OK  [0m] Closed D-Bus System Message Bus Socket.
[[0;32m  OK  [0m] Closed LXD - unix socket.
[[0;32m  OK  [0m] Closed Socket activation for snappy daemon.
[[0;32m  OK  [0m] Closed UUID daemon activation socket.
[[0;32m  OK  [0m] Closed Syslog Socket.
[[0;32m  OK  [0m] Closed cloud-init hotplug hook socket.
[[0;32m  OK  [0m] Closed ACPID Listen Socket.
[[0;32m  OK  [0m] Stopped target User and Group Name Lookups.
[[0;32m  OK  [0m] Stopped target System Initialization.
         Stopping Update UTMP about System Boot/Shutdown...
[[0;32m  OK  [0m] Stopped Initial cloud-init job (metadata service crawler).
[[0;32m  OK  [0m] Stopped target Local Encrypted Volumes.
[[0;32m  OK  [0m] Stopped Forward Password Requests to Wall Directory Watch.
[[0;32m  OK  [0m] Stopped Dispatch Password Requests to Console Directory Watch.
         Stopping Load/Save Random Seed...
[[0;32m  OK  [0m] Stopped Network Service.
[[0;32m  OK  [0m] Stopped Load/Save Random Seed.
[[0;32m  OK  [0m] Stopped Apply Kernel Variables.
[[0;32m  OK  [0m] Stopped Load Kernel Modules.
[[0;32m  OK  [0m] Stopped target Network (Pre).
[[0;32m  OK  [0m] Stopped Initial cloud-init job (pre-networking).
[[0;32m  OK  [0m] Stopped Update UTMP about System Boot/Shutdown.
[[0;32m  OK  [0m] Stopped Create Volatile Files and Directories.
[[0;32m  OK  [0m] Stopped target Local File Systems.
         Unmounting /run/user/1000...
[[0;32m  OK  [0m] Stopped target Mounted snaps.
[[0;32m  OK  [0m] Stopped target Mounting snaps.
[[0;32m  OK  [0m] Unmounted /run/user/1000.
[[0;32m  OK  [0m] Reached target Unmount All Filesystems.
[[0;32m  OK  [0m] Stopped target Swap.
[[0;32m  OK  [0m] Stopped target Local File Systems (Pre).
[[0;32m  OK  [0m] Stopped Remount Root and Kernel File Systems.
[[0;32m  OK  [0m] Stopped Create Static Device Nodes in /dev.
[[0;32m  OK  [0m] Reached target Shutdown.
[[0;32m  OK  [0m] Reached target Final Step.
         Starting Power-Off...
         Stopping Monitoring of LVM2 mirrorsâ€¦ng dmeventd or progress polling...
[33479.965819] reboot: Power down
