[    0.000000] Linux version 4.15.0-212-generic (buildd@lcy02-amd64-083) (gcc version 7.5.0 (Ubuntu 7.5.0-3ubuntu1~18.04)) #223-Ubuntu SMP Tue May 23 13:09:22 UTC 2023 (Ubuntu 4.15.0-212.223-generic 4.15.18)
[    0.000000] Command line: BOOT_IMAGE=/boot/vmlinuz-4.15.0-212-generic root=LABEL=cloudimg-rootfs ro console=tty1 console=ttyS0
[    0.000000] KERNEL supported cpus:
[    0.000000]   Intel GenuineIntel
[    0.000000]   AMD AuthenticAMD
[    0.000000]   Centaur CentaurHauls
[    0.000000] x86/fpu: x87 FPU will use FXSAVE
[    0.000000] e820: BIOS-provided physical RAM map:
[    0.000000] BIOS-e820: [mem 0x0000000000000000-0x000000000009fbff] usable
[    0.000000] BIOS-e820: [mem 0x000000000009fc00-0x000000000009ffff] reserved
[    0.000000] BIOS-e820: [mem 0x00000000000f0000-0x00000000000fffff] reserved
[    0.000000] BIOS-e820: [mem 0x0000000000100000-0x000000003ffeffff] usable
[    0.000000] BIOS-e820: [mem 0x000000003fff0000-0x000000003fffffff] ACPI data
[    0.000000] BIOS-e820: [mem 0x00000000fec00000-0x00000000fec00fff] reserved
[    0.000000] BIOS-e820: [mem 0x00000000fee00000-0x00000000fee00fff] reserved
[    0.000000] BIOS-e820: [mem 0x00000000fffc0000-0x00000000ffffffff] reserved
[    0.000000] NX (Execute Disable) protection: active
[    0.000000] SMBIOS 2.5 present.
[    0.000000] DMI: innotek GmbH VirtualBox/VirtualBox, BIOS VirtualBox 12/01/2006
[    0.000000] Hypervisor detected: KVM
[    0.000000] e820: last_pfn = 0x3fff0 max_arch_pfn = 0x400000000
[    0.000000] MTRR: Disabled
[    0.000000] x86/PAT: MTRRs disabled, skipping PAT initialization too.
[    0.000000] CPU MTRRs all blank - virtualized system.
[    0.000000] x86/PAT: Configuration [0-7]: WB  WT  UC- UC  WB  WT  UC- UC  
[    0.000000] found SMP MP-table at [mem 0x0009fff0-0x0009ffff]
[    0.000000] Scanning 1 areas for low memory corruption
[    0.000000] RAMDISK: [mem 0x359cb000-0x36cdcfff]
[    0.000000] ACPI: Early table checksum verification disabled
[    0.000000] ACPI: RSDP 0x00000000000E0000 000024 (v02 VBOX  )
[    0.000000] ACPI: XSDT 0x000000003FFF0030 00003C (v01 VBOX   VBOXXSDT 00000001 ASL  00000061)
[    0.000000] ACPI: FACP 0x000000003FFF00F0 0000F4 (v04 VBOX   VBOXFACP 00000001 ASL  00000061)
[    0.000000] ACPI: DSDT 0x000000003FFF0610 002353 (v02 VBOX   VBOXBIOS 00000002 INTL 20100528)
[    0.000000] ACPI: FACS 0x000000003FFF0200 000040
[    0.000000] ACPI: FACS 0x000000003FFF0200 000040
[    0.000000] ACPI: APIC 0x000000003FFF0240 00005C (v02 VBOX   VBOXAPIC 00000001 ASL  00000061)
[    0.000000] ACPI: SSDT 0x000000003FFF02A0 00036C (v01 VBOX   VBOXCPUT 00000002 INTL 20100528)
[    0.000000] ACPI: Reserving FACP table memory at [mem 0x3fff00f0-0x3fff01e3]
[    0.000000] ACPI: Reserving DSDT table memory at [mem 0x3fff0610-0x3fff2962]
[    0.000000] ACPI: Reserving FACS table memory at [mem 0x3fff0200-0x3fff023f]
[    0.000000] ACPI: Reserving FACS table memory at [mem 0x3fff0200-0x3fff023f]
[    0.000000] ACPI: Reserving APIC table memory at [mem 0x3fff0240-0x3fff029b]
[    0.000000] ACPI: Reserving SSDT table memory at [mem 0x3fff02a0-0x3fff060b]
[    0.000000] No NUMA configuration found
[    0.000000] Faking a node at [mem 0x0000000000000000-0x000000003ffeffff]
[    0.000000] NODE_DATA(0) allocated [mem 0x3ffc5000-0x3ffeffff]
[    0.000000] kvm-clock: cpu 0, msr 0:3ff44001, primary cpu clock
[    0.000000] kvm-clock: Using msrs 4b564d01 and 4b564d00
[    0.000000] kvm-clock: using sched offset of 5791536362 cycles
[    0.000000] clocksource: kvm-clock: mask: 0xffffffffffffffff max_cycles: 0x1cd42e4dffb, max_idle_ns: 881590591483 ns
[    0.000000] Zone ranges:
[    0.000000]   DMA      [mem 0x0000000000001000-0x0000000000ffffff]
[    0.000000]   DMA32    [mem 0x0000000001000000-0x000000003ffeffff]
[    0.000000]   Normal   empty
[    0.000000]   Device   empty
[    0.000000] Movable zone start for each node
[    0.000000] Early memory node ranges
[    0.000000]   node   0: [mem 0x0000000000001000-0x000000000009efff]
[    0.000000]   node   0: [mem 0x0000000000100000-0x000000003ffeffff]
[    0.000000] Reserved but unavailable: 104 pages
[    0.000000] Initmem setup node 0 [mem 0x0000000000001000-0x000000003ffeffff]
[    0.000000] ACPI: PM-Timer IO Port: 0x4008
[    0.000000] IOAPIC[0]: apic_id 2, version 32, address 0xfec00000, GSI 0-23
[    0.000000] ACPI: INT_SRC_OVR (bus 0 bus_irq 0 global_irq 2 dfl dfl)
[    0.000000] ACPI: INT_SRC_OVR (bus 0 bus_irq 9 global_irq 9 low level)
[    0.000000] Using ACPI (MADT) for SMP configuration information
[    0.000000] smpboot: Allowing 2 CPUs, 0 hotplug CPUs
[    0.000000] PM: Registered nosave memory: [mem 0x00000000-0x00000fff]
[    0.000000] PM: Registered nosave memory: [mem 0x0009f000-0x0009ffff]
[    0.000000] PM: Registered nosave memory: [mem 0x000a0000-0x000effff]
[    0.000000] PM: Registered nosave memory: [mem 0x000f0000-0x000fffff]
[    0.000000] e820: [mem 0x40000000-0xfebfffff] available for PCI devices
[    0.000000] Booting paravirtualized kernel on KVM
[    0.000000] clocksource: refined-jiffies: mask: 0xffffffff max_cycles: 0xffffffff, max_idle_ns: 7645519600211568 ns
[    0.000000] setup_percpu: NR_CPUS:8192 nr_cpumask_bits:2 nr_cpu_ids:2 nr_node_ids:1
[    0.000000] percpu: Embedded 50 pages/cpu s167936 r8192 d28672 u1048576
[    0.000000] PV qspinlock hash table entries: 256 (order: 0, 4096 bytes)
[    0.000000] Built 1 zonelists, mobility grouping on.  Total pages: 257913
[    0.000000] Policy zone: DMA32
[    0.000000] Kernel command line: BOOT_IMAGE=/boot/vmlinuz-4.15.0-212-generic root=LABEL=cloudimg-rootfs ro console=tty1 console=ttyS0
[    0.000000] Memory: 982644K/1048120K available (12300K kernel code, 2477K rwdata, 4324K rodata, 2480K init, 2720K bss, 65476K reserved, 0K cma-reserved)
[    0.000000] SLUB: HWalign=64, Order=0-3, MinObjects=0, CPUs=2, Nodes=1
[    0.000000] ftrace: allocating 39508 entries in 155 pages
[    0.004000] Hierarchical RCU implementation.
[    0.004000] 	RCU restricting CPUs from NR_CPUS=8192 to nr_cpu_ids=2.
[    0.004000] 	Tasks RCU enabled.
[    0.004000] RCU: Adjusting geometry for rcu_fanout_leaf=16, nr_cpu_ids=2
[    0.004000] NR_IRQS: 524544, nr_irqs: 440, preallocated irqs: 16
[    0.004000] random: crng init done
[    0.004000] Console: colour VGA+ 80x25
[    0.004000] console [tty1] enabled
[    0.004000] console [ttyS0] enabled
[    0.004000] ACPI: Core revision 20170831
[    0.004000] ACPI: 2 ACPI AML tables successfully acquired and loaded
[    0.004000] APIC: Switch to symmetric I/O mode setup
[    0.008000] ..TIMER: vector=0x30 apic1=0 pin1=2 apic2=-1 pin2=-1
[    0.008017] tsc: Detected 2303.998 MHz processor
[    0.012019] Calibrating delay loop (skipped) preset value.. 4607.99 BogoMIPS (lpj=9215992)
[    0.016016] pid_max: default: 32768 minimum: 301
[    0.020206] Security Framework initialized
[    0.024010] Yama: becoming mindful.
[    0.028299] AppArmor: AppArmor initialized
[    0.049904] Dentry cache hash table entries: 131072 (order: 8, 1048576 bytes)
[    0.060900] Inode-cache hash table entries: 65536 (order: 7, 524288 bytes)
[    0.068271] Mount-cache hash table entries: 2048 (order: 2, 16384 bytes)
[    0.072263] Mountpoint-cache hash table entries: 2048 (order: 2, 16384 bytes)
[    0.080411] Last level iTLB entries: 4KB 0, 2MB 0, 4MB 0
[    0.084011] Last level dTLB entries: 4KB 0, 2MB 0, 4MB 0, 1GB 0
[    0.088014] Spectre V1 : Mitigation: usercopy/swapgs barriers and __user pointer sanitization
[    0.092008] Spectre V2 : Mitigation: Enhanced IBRS
[    0.096008] Spectre V2 : Spectre v2 / SpectreRSB mitigation: Filling RSB on context switch
[    0.100009] Spectre V2 : Spectre v2 / PBRSB-eIBRS: Retire a single CALL on VMEXIT
[    0.104013] RETBleed: Mitigation: Enhanced IBRS
[    0.108005] Speculative Store Bypass: Vulnerable
[    0.112454] Freeing SMP alternatives memory: 36K
[    0.235068] smpboot: CPU0: 13th Gen Intel(R) Core(TM) i7-13700HX (family: 0x6, model: 0xbf, stepping: 0x2)
[    0.237499] Performance Events: unsupported p6 CPU model 191 no PMU driver, software events only.
[    0.240662] Hierarchical SRCU implementation.
[    0.249458] NMI watchdog: Perf event create on CPU 0 failed with -2
[    0.252010] NMI watchdog: Perf NMI watchdog permanently disabled
[    0.260800] smp: Bringing up secondary CPUs ...
[    0.268325] x86: Booting SMP configuration:
[    0.272012] .... node  #0, CPUs:      #1
[    0.004000] kvm-clock: cpu 1, msr 0:3ff44041, secondary cpu clock
[    0.308000] TSC synchronization [CPU#0 -> CPU#1]:
[    0.308000] Measured 38031 cycles TSC warp between CPUs, turning off TSC clock.
[    0.308000] tsc: Marking TSC unstable due to check_tsc_sync_source failed
[    0.316789] smp: Brought up 1 node, 2 CPUs
[    0.320020] smpboot: Max logical packages: 1
[    0.328017] smpboot: Total of 2 processors activated (9215.99 BogoMIPS)
[    0.336019] devtmpfs: initialized
[    0.340319] x86/mm: Memory block size: 128MB
[    0.345256] evm: security.selinux
[    0.348012] evm: security.SMACK64
[    0.352013] evm: security.SMACK64EXEC
[    0.356010] evm: security.SMACK64TRANSMUTE
[    0.360013] evm: security.SMACK64MMAP
[    0.364009] evm: security.apparmor
[    0.368008] evm: security.ima
[    0.372008] evm: security.capability
[    0.380649] clocksource: jiffies: mask: 0xffffffff max_cycles: 0xffffffff, max_idle_ns: 7645041785100000 ns
[    0.384030] futex hash table entries: 512 (order: 3, 32768 bytes)
[    0.388680] pinctrl core: initialized pinctrl subsystem
[    0.393863] RTC time: 13:40:08, date: 09/07/23
[    0.402405] NET: Registered protocol family 16
[    0.404365] audit: initializing netlink subsys (disabled)
[    0.412386] audit: type=2000 audit(1694094013.239:1): state=initialized audit_enabled=0 res=1
[    0.464487] cpuidle: using governor ladder
[    0.468026] cpuidle: using governor menu
[    0.472241] ACPI: bus type PCI registered
[    0.476012] acpiphp: ACPI Hot Plug PCI Controller Driver version: 0.5
[    0.484973] PCI: Using configuration type 1 for base access
[    0.504842] HugeTLB registered 2.00 MiB page size, pre-allocated 0 pages
[    0.525000] ACPI: Added _OSI(Module Device)
[    0.528014] ACPI: Added _OSI(Processor Device)
[    0.532010] ACPI: Added _OSI(3.0 _SCP Extensions)
[    0.536010] ACPI: Added _OSI(Processor Aggregator Device)
[    0.540013] ACPI: Added _OSI(Linux-Dell-Video)
[    0.544011] ACPI: Added _OSI(Linux-Lenovo-NV-HDMI-Audio)
[    0.548013] ACPI: Added _OSI(Linux-HPI-Hybrid-Graphics)
[    0.556571] ACPI: Executed 1 blocks of module-level executable AML code
[    0.576535] ACPI: Interpreter enabled
[    0.580033] ACPI: (supports S0 S5)
[    0.584012] ACPI: Using IOAPIC for interrupt routing
[    0.593675] PCI: Using host bridge windows from ACPI; if necessary, use "pci=nocrs" and report a bug
[    0.596509] ACPI: Enabled 2 GPEs in block 00 to 07
[    0.636059] ACPI: PCI Root Bridge [PCI0] (domain 0000 [bus 00-ff])
[    0.640022] acpi PNP0A03:00: _OSC: OS supports [ASPM ClockPM Segments MSI]
[    0.650486] acpi PNP0A03:00: _OSC: not requesting OS control; OS requires [ExtendedConfig ASPM ClockPM MSI]
[    0.652044] acpi PNP0A03:00: fail to add MMCONFIG information, can't access extended PCI configuration space under this bridge.
[    0.661865] PCI host bridge to bus 0000:00
[    0.664020] pci_bus 0000:00: root bus resource [io  0x0000-0x0cf7 window]
[    0.672028] pci_bus 0000:00: root bus resource [io  0x0d00-0xffff window]
[    0.676015] pci_bus 0000:00: root bus resource [mem 0x000a0000-0x000bffff window]
[    0.680015] pci_bus 0000:00: root bus resource [mem 0x40000000-0xfdffffff window]
[    0.684020] pci_bus 0000:00: root bus resource [bus 00-ff]
[    0.711987] pci 0000:00:01.1: legacy IDE quirk: reg 0x10: [io  0x01f0-0x01f7]
[    0.712015] pci 0000:00:01.1: legacy IDE quirk: reg 0x14: [io  0x03f6]
[    0.716019] pci 0000:00:01.1: legacy IDE quirk: reg 0x18: [io  0x0170-0x0177]
[    0.724022] pci 0000:00:01.1: legacy IDE quirk: reg 0x1c: [io  0x0376]
[    0.800145] pci 0000:00:07.0: quirk: [io  0x4000-0x403f] claimed by PIIX4 ACPI
[    0.804107] pci 0000:00:07.0: quirk: [io  0x4100-0x410f] claimed by PIIX4 SMB
[    0.844873] ACPI: PCI Interrupt Link [LNKA] (IRQs 5 9 10 *11)
[    0.852672] ACPI: PCI Interrupt Link [LNKB] (IRQs 5 9 *10 11)
[    0.856712] ACPI: PCI Interrupt Link [LNKC] (IRQs 5 *9 10 11)
[    0.860824] ACPI: PCI Interrupt Link [LNKD] (IRQs 5 9 10 *11)
[    0.868039] SCSI subsystem initialized
[    0.877047] pci 0000:00:02.0: vgaarb: setting as boot VGA device
[    0.880000] pci 0000:00:02.0: vgaarb: VGA device added: decodes=io+mem,owns=io+mem,locks=none
[    0.880019] pci 0000:00:02.0: vgaarb: bridge control possible
[    0.884006] vgaarb: loaded
[    0.888295] ACPI: bus type USB registered
[    0.892054] usbcore: registered new interface driver usbfs
[    0.896116] usbcore: registered new interface driver hub
[    0.900036] usbcore: registered new device driver usb
[    0.908032] EDAC MC: Ver: 3.0.0
[    0.924486] PCI: Using ACPI for IRQ routing
[    0.933402] NetLabel: Initializing
[    0.936009] NetLabel:  domain hash size = 128
[    0.940010] NetLabel:  protocols = UNLABELED CIPSOv4 CALIPSO
[    0.944050] NetLabel:  unlabeled traffic allowed by default
[    0.952777] clocksource: Switched to clocksource kvm-clock
[    0.965419] VFS: Disk quotas dquot_6.6.0
[    0.965419] VFS: Dquot-cache hash table entries: 512 (order 0, 4096 bytes)
[    0.965419] AppArmor: AppArmor Filesystem Enabled
[    0.965419] pnp: PnP ACPI init
[    0.965419] pnp: PnP ACPI: found 3 devices
[    1.281915] clocksource: acpi_pm: mask: 0xffffff max_cycles: 0xffffff, max_idle_ns: 2085701024 ns
[    1.284628] NET: Registered protocol family 2
[    1.284628] IP idents hash table entries: 16384 (order: 5, 131072 bytes)
[    1.347246] TCP established hash table entries: 8192 (order: 4, 65536 bytes)
[    1.370313] TCP bind hash table entries: 8192 (order: 5, 131072 bytes)
[    1.390904] TCP: Hash tables configured (established 8192 bind 8192)
[    1.393110] UDP hash table entries: 512 (order: 2, 16384 bytes)
[    1.393110] UDP-Lite hash table entries: 512 (order: 2, 16384 bytes)
[    1.393110] NET: Registered protocol family 1
[    1.393110] pci 0000:00:00.0: Limiting direct PCI/PCI transfers
[    1.393110] pci 0000:00:01.0: Activating ISA DMA hang workarounds
[    1.393110] pci 0000:00:02.0: Video device with shadowed ROM at [mem 0x000c0000-0x000dffff]
[    1.393110] Unpacking initramfs...
[    3.133156] Freeing initrd memory: 19528K
[    3.147523] clocksource: tsc: mask: 0xffffffffffffffff max_cycles: 0x2135f5e6f15, max_idle_ns: 440795231538 ns
[    3.178118] platform rtc_cmos: registered platform RTC device (no PNP device found)
[    3.200709] Scanning for low memory corruption every 60 seconds
[    3.226249] Initialise system trusted keyrings
[    3.239766] Key type blacklist registered
[    3.254310] workingset: timestamp_bits=36 max_order=18 bucket_order=0
[    3.282352] zbud: loaded
[    3.295360] squashfs: version 4.0 (2009/01/31) Phillip Lougher
[    3.317269] fuse init (API version 7.26)
[    3.396027] Key type asymmetric registered
[    3.409409] Asymmetric key parser 'x509' registered
[    3.424111] Block layer SCSI generic (bsg) driver version 0.4 loaded (major 246)
[    3.449469] io scheduler noop registered
[    3.460617] io scheduler deadline registered
[    3.474907] io scheduler cfq registered (default)
[    3.491200] ACPI: AC Adapter [AC] (on-line)
[    3.505966] input: Power Button as /devices/LNXSYSTM:00/LNXPWRBN:00/input/input0
[    3.531607] ACPI: Power Button [PWRF]
[    3.545158] input: Sleep Button as /devices/LNXSYSTM:00/LNXSLPBN:00/input/input1
[    3.568735] ACPI: Sleep Button [SLPF]
[    3.584857] Serial: 8250/16550 driver, 32 ports, IRQ sharing enabled
[    3.589793] ACPI: Battery Slot [BAT0] (battery present)
[    3.656736] 00:02: ttyS0 at I/O 0x3f8 (irq = 4, base_baud = 115200) is a 16550A
[    3.733023] Linux agpgart interface v0.103
[    3.783408] loop: module loaded
[    3.803210] scsi host0: ata_piix
[    3.818041] scsi host1: ata_piix
[    3.829900] ata1: PATA max UDMA/33 cmd 0x1f0 ctl 0x3f6 bmdma 0xd000 irq 14
[    3.833604] ata2: PATA max UDMA/33 cmd 0x170 ctl 0x376 bmdma 0xd008 irq 15
[    3.877312] tun: Universal TUN/TAP device driver, 1.6
[    3.894313] PPP generic driver version 2.4.2
[    3.909392] ehci_hcd: USB 2.0 'Enhanced' Host Controller (EHCI) Driver
[    3.930689] ehci-pci: EHCI PCI platform driver
[    3.945416] ehci-platform: EHCI generic platform driver
[    3.961790] ohci_hcd: USB 1.1 'Open' Host Controller (OHCI) Driver
[    3.980677] ohci-pci: OHCI PCI platform driver
[    3.994306] ohci-platform: OHCI generic platform driver
[    4.010838] uhci_hcd: USB Universal Host Controller Interface driver
[    4.028636] i8042: PNP: PS/2 Controller [PNP0303:PS2K,PNP0f03:PS2M] at 0x60,0x64 irq 1,12
[    4.066751] serio: i8042 KBD port at 0x60,0x64 irq 1
[    4.081834] serio: i8042 AUX port at 0x60,0x64 irq 12
[    4.113281] mousedev: PS/2 mouse device common for all mice
[    4.138176] input: AT Translated Set 2 keyboard as /devices/platform/i8042/serio0/input/input2
[    4.169671] rtc_cmos rtc_cmos: rtc core: registered rtc_cmos as rtc0
[    4.197538] rtc_cmos rtc_cmos: alarms up to one day, 114 bytes nvram
[    4.218514] i2c /dev entries driver
[    4.229324] device-mapper: uevent: version 1.0.3
[    4.245299] device-mapper: ioctl: 4.37.0-ioctl (2017-09-20) initialised: dm-devel@redhat.com
[    4.271912] ledtrig-cpu: registered to indicate activity on CPUs
[    4.300199] NET: Registered protocol family 10
[    4.353858] Segment Routing with IPv6
[    4.365105] NET: Registered protocol family 17
[    4.379725] Key type dns_resolver registered
[    4.395846] mce: Using 0 MCE banks
[    4.405971] RAS: Correctable Errors collector initialized.
[    4.423941] sched_clock: Marking stable (4423615933, 0)->(7892495242, -3468879309)
[    4.462085] registered taskstats version 1
[    4.475758] Loading compiled-in X.509 certificates
[    4.507587] Loaded X.509 cert 'Build time autogenerated kernel key: b5b26778eaa3ab3a4a6cee031137706e947d12ad'
[    4.539248] Loaded X.509 cert 'Canonical Ltd. Live Patch Signing: 14df34d1a87cf37625abec039ef2bf521249b969'
[    4.569217] Loaded X.509 cert 'Canonical Ltd. Kernel Module Signing: 88f752e560a1e0737e31163a466ad7b70a850c19'
[    4.602069] blacklist: Loading compiled-in revocation X.509 certificates
[    4.623062] Loaded X.509 cert 'Canonical Ltd. Secure Boot Signing: 61482aa2830d0ab2ad5af10b7250da9033ddcef0'
[    4.654638] Loaded X.509 cert 'Canonical Ltd. Secure Boot Signing (2017): 242ade75ac4a15e50d50c84b0d45ff3eae707a03'
[    4.686074] Loaded X.509 cert 'Canonical Ltd. Secure Boot Signing (ESM 2018): 365188c1d374d6b07c3c8f240f8ef722433d6a8b'
[    4.712356] Loaded X.509 cert 'Canonical Ltd. Secure Boot Signing (2019): c0746fd6c5da3ae827864651ad66ae47fe24b3e8'
[    4.745408] Loaded X.509 cert 'Canonical Ltd. Secure Boot Signing (2021 v1): a8d54bbb3825cfb94fa13c9f8a594a195c107b8d'
[    4.777677] Loaded X.509 cert 'Canonical Ltd. Secure Boot Signing (2021 v2): 4cf046892d6fd3c9a5b03f98d845f90851dc6a8c'
[    4.809823] Loaded X.509 cert 'Canonical Ltd. Secure Boot Signing (2021 v3): 100437bb6de6e469b581e61cd66bce3ef4ed53af'
[    4.843388] Loaded X.509 cert 'Canonical Ltd. Secure Boot Signing (Ubuntu Core 2019): c1d57b8f6b743f23ee41f4f7ee292f06eecadfb9'
[    4.880406] zswap: loaded using pool lzo/zbud
[    4.926713] Key type big_key registered
[    4.939304] Key type trusted registered
[    4.966830] Key type encrypted registered
[    4.980233] AppArmor: AppArmor sha1 policy hashing enabled
[    4.998475] ima: No TPM chip found, activating TPM-bypass! (rc=-19)
[    5.019382] ima: Allocated hash algorithm: sha1
[    5.034208] evm: HMAC attrs: 0x1
[    5.048673]   Magic number: 7:56:685
[    5.060557]  clocksource: hash matches
[    5.073976] rtc_cmos rtc_cmos: setting system clock to 2023-09-07 13:40:14 UTC (1694094014)
[    5.101558] BIOS EDD facility v0.16 2004-Jun-25, 0 devices found
[    5.120911] EDD information not available.
[    5.143180] Freeing unused kernel image memory: 2480K
[    5.778898] Write protecting the kernel read-only data: 20480k
[    5.802035] Freeing unused kernel image memory: 2008K
[    5.818445] Freeing unused kernel image memory: 1820K
[    5.845430] x86/mm: Checked W+X mappings: passed, no W+X pages found.
Loading, please wait...
starting version 237
[    6.147199] e1000: Intel(R) PRO/1000 Network Driver - version 7.3.21-k8-NAPI
[    6.171333] e1000: Copyright (c) 1999-2006 Intel Corporation.
[    6.201241] Fusion MPT base driver 3.04.20
[    6.216033] Copyright (c) 1999-2008 LSI Corporation
[    6.338321] SSE version of gcm_enc/dec engaged.
[    6.388842] Fusion MPT SPI Host driver 3.04.20
[    6.619010] input: ImExPS/2 Generic Explorer Mouse as /devices/platform/i8042/serio1/input/input4
[    8.137023] e1000 0000:00:03.0 eth0: (PCI:33MHz:32-bit) 02:3b:7b:b7:3b:2d
[    8.156883] e1000 0000:00:03.0 eth0: Intel(R) PRO/1000 Network Connection
[    8.185713] mptbase: ioc0: Initiating bringup
[    8.377932] ioc0: LSI53C1030 A0: Capabilities={Initiator}
[    9.101340] scsi host2: ioc0: LSI53C1030 A0, FwRev=00000000h, Ports=1, MaxQ=256, IRQ=20
[    9.725563] scsi 2:0:0:0: Direct-Access     VBOX     HARDDISK         1.0  PQ: 0 ANSI: 5
[    9.792388] scsi target2:0:0: Beginning Domain Validation
[    9.868983] scsi target2:0:0: Domain Validation skipping write tests
[    9.888908] scsi target2:0:0: Ending Domain Validation
[    9.905666] scsi target2:0:0: asynchronous
[    9.923190] scsi 2:0:1:0: Direct-Access     VBOX     HARDDISK         1.0  PQ: 0 ANSI: 5
[   10.224402] scsi target2:0:1: Beginning Domain Validation
[   10.261185] scsi target2:0:1: Domain Validation skipping write tests
[   10.279208] scsi target2:0:1: Ending Domain Validation
[   10.297226] scsi target2:0:1: asynchronous
[   10.348788] sd 2:0:0:0: [sda] 83886080 512-byte logical blocks: (42.9 GB/40.0 GiB)
[   10.374124] sd 2:0:0:0: [sda] Write Protect is off
[   10.391494] sd 2:0:0:0: Attached scsi generic sg0 type 0
[   10.413638] sd 2:0:0:0: [sda] Incomplete mode parameter data
[   10.430963] sd 2:0:0:0: [sda] Assuming drive cache: write through
[   10.453257] sd 2:0:1:0: [sdb] 20480 512-byte logical blocks: (10.5 MB/10.0 MiB)
[   10.476038] sd 2:0:1:0: Attached scsi generic sg1 type 0
[   10.492894] sd 2:0:1:0: [sdb] Write Protect is off
[   10.519854] sd 2:0:1:0: [sdb] Incomplete mode parameter data
[   10.538156] sd 2:0:1:0: [sdb] Assuming drive cache: write through
[   10.557602]  sda: sda1
[   10.573802] sd 2:0:0:0: [sda] Attached SCSI disk
[   10.606220] sd 2:0:1:0: [sdb] Attached SCSI disk
[   11.458668] e1000 0000:00:08.0 eth1: (PCI:33MHz:32-bit) 08:00:27:aa:c0:ea
[   11.478689] e1000 0000:00:08.0 eth1: Intel(R) PRO/1000 Network Connection
[   11.496218] e1000 0000:00:03.0 enp0s3: renamed from eth0
[   11.537115] e1000 0000:00:08.0 enp0s8: renamed from eth1
Begin: Loading essential drivers ... [   18.133152] raid6: sse2x1   gen()  5219 MB/s
[   18.196514] raid6: sse2x1   xor()  2856 MB/s
[   18.256749] raid6: sse2x2   gen()  6988 MB/s
[   18.316501] raid6: sse2x2   xor()  3525 MB/s
[   18.376680] raid6: sse2x4   gen()  7023 MB/s
[   18.436751] raid6: sse2x4   xor()  3986 MB/s
[   18.450466] raid6: using algorithm sse2x4 gen() 7023 MB/s
[   18.467507] raid6: .... xor() 3986 MB/s, rmw enabled
[   18.485078] raid6: using ssse3x2 recovery algorithm
[   18.506675] xor: measuring software checksum speed
[   18.560218]    prefetch64-sse:  8214.000 MB/sec
[   18.616591]    generic_sse:  7297.000 MB/sec
[   18.630788] xor: using function: prefetch64-sse (8214.000 MB/sec)
[   18.658659] async_tx: api initialized (async)
done.
Begin: Running /scripts/init-premount ... done.
Begin: Mounting root file system ... Begin: Running /scripts/local-top ... done.
Begin: Running /scripts/local-premount ... [   18.869460] Btrfs loaded, crc32c=crc32c-intel
Scanning for Btrfs filesystems
done.
Warning: fsck not present, so skipping root file system
[   19.050516] EXT4-fs (sda1): mounted filesystem with ordered data mode. Opts: (null)
done.
Begin: Running /scripts/local-bottom ... done.
Begin: Running /scripts/init-bottom ... done.
[   19.654666] ip_tables: (C) 2000-2006 Netfilter Core Team
[   19.720592] systemd[1]: systemd 237 running in system mode. (+PAM +AUDIT +SELINUX +IMA +APPARMOR +SMACK +SYSVINIT +UTMP +LIBCRYPTSETUP +GCRYPT +GNUTLS +ACL +XZ +LZ4 +SECCOMP +BLKID +ELFUTILS +KMOD -IDN2 +IDN -PCRE2 default-hierarchy=hybrid)
[   19.788025] systemd[1]: Detected virtualization oracle.
[   19.804871] systemd[1]: Detected architecture x86-64.

Welcome to [1mUbuntu 18.04.6 LTS[0m!

[   19.945252] systemd[1]: Set hostname to <ubuntu-bionic>.
[   20.742617] systemd[1]: Started Forward Password Requests to Wall Directory Watch.
[[0;32m  OK  [0m] Started Forward Password Requests to Wall Directory Watch.
[   20.784806] systemd[1]: Reached target Mounting snaps.
[[0;32m  OK  [0m] Reached target Mounting snaps.
[   20.815018] systemd[1]: Reached target User and Group Name Lookups.
[[0;32m  OK  [0m] Reached target User and Group Name Lookups.
[   20.889340] systemd[1]: Created slice System Slice.
[[0;32m  OK  [0m] Created slice System Slice.
[   20.922714] systemd[1]: Listening on Syslog Socket.
[[0;32m  OK  [0m] Listening on Syslog Socket.
[   20.956135] systemd[1]: Listening on Journal Socket (/dev/log).
[[0;32m  OK  [0m] Listening on Journal Socket (/dev/log).
[[0;32m  OK  [0m] Listening on Journal Audit Socket.
[[0;32m  OK  [0m] Listening on udev Kernel Socket.
[[0;32m  OK  [0m] Listening on Network Service Netlink Socket.
[[0;32m  OK  [0m] Listening on LVM2 metadata daemon socket.
[[0;32m  OK  [0m] Listening on /dev/initctl Compatibility Named Pipe.
[[0;32m  OK  [0m] Reached target Swap.
[[0;32m  OK  [0m] Reached target System Time Synchronized.
[[0;32m  OK  [0m] Set up automount Arbitrary Executabâ€¦rmats File System Automount Point.
[[0;32m  OK  [0m] Listening on Device-mapper event daemon FIFOs.
[[0;32m  OK  [0m] Listening on fsck to fsckd communication Socket.
[[0;32m  OK  [0m] Listening on LVM2 poll daemon socket.
[[0;32m  OK  [0m] Reached target Mounted snaps.
[[0;32m  OK  [0m] Created slice system-serial\x2dgetty.slice.
[[0;32m  OK  [0m] Created slice User and Session Slice.
[[0;32m  OK  [0m] Reached target Slices.
[[0;32m  OK  [0m] Listening on udev Control Socket.
[[0;32m  OK  [0m] Listening on Journal Socket.
         Starting File System Check on Root Device...
         Starting Uncomplicated firewall...
         Mounting Kernel Debug File System...
         Mounting Huge Pages File System...
         Mounting POSIX Message Queue File System...
         Starting Journal Service...
         Starting Monitoring of LVM2 mirrorsâ€¦ng dmeventd or progress polling...
         Starting Set the console keyboard layout...
         Starting Load Kernel Modules...
         Starting Create list of required stâ€¦ce nodes for the current kernel...
         Starting udev Coldplug all Devices...
[[0;32m  OK  [0m] Started Journal Service.
[[0;32m  OK  [0m] Started File System Check on Root Device.
[[0;32m  OK  [0m] Started Uncomplicated firewall.
[[0;32m  OK  [0m] Mounted Kernel Debug File System.
[[0;32m  OK  [0m] Mounted Huge Pages File System.
[[0;32m  OK  [0m] Mounted POSIX Message Queue File System.
[[0;32m  OK  [0m] Started File System Check Daemon to report status.
         Starting Remount Root and Kernel File Systems...
[[0;32m  OK  [0m] Started Create list of required staâ€¦vice nodes for the current kernel.
         Starting Create Static Device Nodes in /dev...
[   21.977616] Loading iSCSI transport class v2.0-870.
[[0;32m  OK  [0m] Started LVM2 metadata daemon.
[[0;32m  OK  [0m] Started Create Static Device Nodes in /dev.[   22.041299] EXT4-fs (sda1): re-mounted. Opts: (null)

[[0;32m  OK  [0m] Started udev Coldplug all Devices.
[[0;32m  OK  [0m] Started Remount Root and Kernel File Systems.
         Starting Flush Journal to Persistent Storage...
         Starting Load/Save Random Seed...
         Starting udev Kernel Device Manager...
[   22.177824] systemd-journald[406]: Received request to flush runtime journal from PID 1
[   22.209181] iscsi: registered transport (tcp)
[[0;32m  OK  [0m] Started Set the console keyboard layout.
[[0;32m  OK  [0m] Started udev Kernel Device Manager.
[[0;32m  OK  [0m] Started Monitoring of LVM2 mirrors,â€¦sing dmeventd or progress polling.
[[0;32m  OK  [0m] Started Load/Save Random Seed.
[[0;32m  OK  [0m] Reached target Local File Systems (Pre).
[[0;32m  OK  [0m] Reached target Local File Systems.
         Starting Set console font and keymap...
         Starting ebtables ruleset management...
         Starting AppArmor initialization...
         Starting Tell Plymouth To Write Out Runtime Data...
[[0;32m  OK  [0m] Started Dispatch Password Requests to Console Directory Watch.
[[0;32m  OK  [0m] Reached target Local Encrypted Volumes.
[[0;32m  OK  [0m] Started Flush Journal to Persistent Storage.[   22.652777] iscsi: registered transport (iser)

[[0;32m  OK  [0m] Started Set console font and keymap.
[[0;32m  OK  [0m] Started Tell Plymouth To Write Out Runtime Data.
[[0;32m  OK  [0m] Started Load Kernel Modules.
         Starting Apply Kernel Variables...
         Mounting FUSE Control File System...
         Mounting Kernel Configuration File System...
         Starting Create Volatile Files and Directories...
[[0;32m  OK  [0m] Mounted FUSE Control File System.
[[0;32m  OK  [0m] Started Apply Kernel Variables.
[[0;32m  OK  [0m] Mounted Kernel Configuration File System.
[[0;32m  OK  [0m] Started Create Volatile Files and Directories.
         Starting Update UTMP about System Boot/Shutdown...
[[0;32m  OK  [0m] Started ebtables ruleset management.
[[0;32m  OK  [0m] Started Update UTMP about System Boot/Shutdown.
[[0;32m  OK  [0m] Found device /dev/ttyS0.
[[0;32m  OK  [0m] Started AppArmor initialization.
         Starting Load AppArmor profiles managed internally by snapd...
         Starting Initial cloud-init job (pre-networking)...
[[0;32m  OK  [0m] Listening on Load/Save RF Kill Switch Status /dev/rfkill Watch.
         Mounting Arbitrary Executable File Formats File System...
[[0;32m  OK  [0m] Mounted Arbitrary Executable File Formats File System.
[[0;32m  OK  [0m] Started Load AppArmor profiles managed internally by snapd.
[   28.058324] cloud-init[566]: Cloud-init v. 23.1.2-0ubuntu0~18.04.1 running 'init-local' at Thu, 07 Sep 2023 13:40:36 +0000. Up 27.57 seconds.
[[0;32m  OK  [0m] Started Initial cloud-init job (pre-networking).
[[0;32m  OK  [0m] Reached target Network (Pre).
         Starting Network Service...
[[0;32m  OK  [0m] Started Network Service.
         Starting Network Name Resolution...
         Starting Wait for Network to be Configured...
[[0;32m  OK  [0m] Started Network Name Resolution.
[[0;32m  OK  [0m] Reached target Network.
[[0;32m  OK  [0m] Reached target Host and Network Name Lookups.
[[0;32m  OK  [0m] Started Wait for Network to be Configured.
         Starting Initial cloud-init job (metadata service crawler)...
[   31.786914] cloud-init[692]: Cloud-init v. 23.1.2-0ubuntu0~18.04.1 running 'init' at Thu, 07 Sep 2023 13:40:40 +0000. Up 31.39 seconds.
[   31.801153] cloud-init[692]: ci-info: ++++++++++++++++++++++++++++++++++++++Net device info+++++++++++++++++++++++++++++++++++++++
[   31.815770] cloud-init[692]: ci-info: +--------+-------+----------------------------+---------------+--------+-------------------+
[   31.829272] cloud-init[692]: ci-info: | Device |   Up  |          Address           |      Mask     | Scope  |     Hw-Address    |
[   31.843975] cloud-init[692]: ci-info: +--------+-------+----------------------------+---------------+--------+-------------------+
[   31.858981] cloud-init[692]: ci-info: | enp0s3 |  True |         10.0.2.15          | 255.255.255.0 | global | 02:3b:7b:b7:3b:2d |
[   31.872921] cloud-init[692]: ci-info: | enp0s3 |  True | fe80::3b:7bff:feb7:3b2d/64 |       .       |  link  | 02:3b:7b:b7:3b:2d |
[   31.887062] cloud-init[692]: ci-info: | enp0s8 | False |             .              |       .       |   .    | 08:00:27:aa:c0:ea |
[   31.901038] cloud-init[692]: ci-info: |   lo   |  True |         127.0.0.1          |   255.0.0.0   |  host  |         .         |
[   31.917123] cloud-init[692]: ci-info: |   lo   |  True |          ::1/128           |       .       |  host  |         .         |
[   31.939940] cloud-init[692]: ci-info: +--------+-------+----------------------------+---------------+--------+-------------------+
[   31.963313] cloud-init[692]: ci-info: ++++++++++++++++++++++++++++Route IPv4 info+++++++++++++++++++++++++++++
[   31.984360] cloud-init[692]: ci-info: +-------+-------------+----------+-----------------+-----------+-------+
[   32.005970] cloud-init[692]: ci-info: | Route | Destination | Gateway  |     Genmask     | Interface | Flags |
[   32.027280] cloud-init[692]: ci-info: +-------+-------------+----------+-----------------+-----------+-------+
[   32.049711] cloud-init[692]: ci-info: |   0   |   0.0.0.0   | 10.0.2.2 |     0.0.0.0     |   enp0s3  |   UG  |
[   32.070998] cloud-init[692]: ci-info: |   1   |   10.0.2.0  | 0.0.0.0  |  255.255.255.0  |   enp0s3  |   U   |
[   32.092028] cloud-init[692]: ci-info: |   2   |   10.0.2.2  | 0.0.0.0  | 255.255.255.255 |   enp0s3  |   UH  |
[   32.113169] cloud-init[692]: ci-info: +-------+-------------+----------+-----------------+-----------+-------+
[   32.133761] cloud-init[692]: ci-info: +++++++++++++++++++Route IPv6 info+++++++++++++++++++
[   32.152059] cloud-init[692]: ci-info: +-------+-------------+---------+-----------+-------+
[   32.177886] cloud-init[692]: ci-info: | Route | Destination | Gateway | Interface | Flags |
[   32.188844] cloud-init[692]: ci-info: +-------+-------------+---------+-----------+-------+
[   32.199470] cloud-init[692]: ci-info: |   1   |  fe80::/64  |    ::   |   enp0s3  |   U   |
[   32.209898] cloud-init[692]: ci-info: |   3   |    local    |    ::   |   enp0s3  |   U   |
[   32.221199] cloud-init[692]: ci-info: |   4   |   ff00::/8  |    ::   |   enp0s3  |   U   |
[   32.230532] cloud-init[692]: ci-info: +-------+-------------+---------+-----------+-------+
[[0;32m  OK  [0m] Started Initial cloud-init job (metadata service crawler).
[[0;32m  OK  [0m] Reached target Network is Online.
         Starting Availability of block devices...
[[0;32m  OK  [0m] Reached target Remote File Systems (Pre).
[[0;32m  OK  [0m] Reached target Remote File Systems.
[[0;32m  OK  [0m] Reached target Cloud-config availability.
[[0;32m  OK  [0m] Reached target System Initialization.
[[0;32m  OK  [0m] Listening on D-Bus System Message Bus Socket.
[[0;32m  OK  [0m] Started Daily Cleanup of Temporary Directories.
[[0;32m  OK  [0m] Started Discard unused blocks once a week.
[[0;32m  OK  [0m] Started Message of the Day.
[[0;32m  OK  [0m] Listening on cloud-init hotplug hook socket.
[[0;32m  OK  [0m] Listening on Open-iSCSI iscsid Socket.
[[0;32m  OK  [0m] Listening on ACPID Listen Socket.
         Starting Socket activation for snappy daemon.
[[0;32m  OK  [0m] Started ACPI Events Check.
[[0;32m  OK  [0m] Started Ubuntu Advantage Timer for running repeated jobs.
[[0;32m  OK  [0m] Started Daily apt download activities.
[[0;32m  OK  [0m] Started Daily apt upgrade and clean activities.
[[0;32m  OK  [0m] Reached target Timers.
[[0;32m  OK  [0m] Listening on UUID daemon activation socket.
         Starting LXD - unix socket.
[[0;32m  OK  [0m] Reached target Paths.
[[0;32m  OK  [0m] Started Availability of block devices.
[[0;32m  OK  [0m] Listening on Socket activation for snappy daemon.
[[0;32m  OK  [0m] Listening on LXD - unix socket.
[[0;32m  OK  [0m] Reached target Sockets.
[[0;32m  OK  [0m] Reached target Basic System.
         Starting LXD - container startup/shutdown...
         Starting Dispatcher daemon for systemd-networkd...
         Starting System Logging Service...
         Starting Permit User Sessions...
[[0;32m  OK  [0m] Started D-Bus System Message Bus.
[[0;32m  OK  [0m] Started irqbalance daemon.
[[0;32m  OK  [0m] Started FUSE filesystem for LXC.
[[0;32m  OK  [0m] Started Regular background program processing daemon.
         Starting Login Service...
[[0;32m  OK  [0m] Started Deferred execution scheduler.
         Starting LSB: Record successful boot for GRUB...
         Starting OpenBSD Secure Shell server...
         Starting Virtualbox guest utils...
[[0;32m  OK  [0m] Reached target Login Prompts (Pre).
         Starting LSB: automatic crash report generation...
         Starting Accounts Service...
         Starting Snap Daemon...
[[0;32m  OK  [0m] Started System Logging Service.
[[0;32m  OK  [0m] Started LXD - container startup/shutdown.
[[0;32m  OK  [0m] Started Permit User Sessions.
         Starting Hold until boot process finishes up...
         Starting Terminate Plymouth Boot Screen...
[[0;32m  OK  [0m] Started Terminate Plymouth Boot Screen.
[[0;32m  OK  [0m] Started Hold until boot process finishes up.
         Starting Set console scheme...
[[0;32m  OK  [0m] Started Serial Getty on ttyS0.
[[0;32m  OK  [0m] Started Set console scheme.
[[0;32m  OK  [0m] Created slice system-getty.slice.
[[0;32m  OK  [0m] Started Getty on tty1.
[[0;32m  OK  [0m] Reached target Login Prompts.
[[0;32m  OK  [0m] Started Login Service.
[[0;32m  OK  [0m] Started Unattended Upgrades Shutdown.
[[0;32m  OK  [0m] Started LSB: automatic crash report generation.
[[0;32m  OK  [0m] Started LSB: Record successful boot for GRUB.
         Starting Authorization Manager...
[[0;32m  OK  [0m] Started Virtualbox guest utils.
[[0;32m  OK  [0m] Started OpenBSD Secure Shell server.
[[0;32m  OK  [0m] Started Authorization Manager.
[[0;32m  OK  [0m] Started Accounts Service.
[[0;32m  OK  [0m] Started Dispatcher daemon for systemd-networkd.
[[0;32m  OK  [0m] Started Snap Daemon.
         Starting Time & Date Service...
         Starting Wait until snapd is fully seeded...
[[0;32m  OK  [0m] Started Time & Date Service.
[[0;32m  OK  [0m] Started Wait until snapd is fully seeded.
         Starting Apply the settings specified in cloud-config...
[[0;32m  OK  [0m] Created slice User Slice of vagrant.
         Starting User Manager for UID 1000...
[[0;32m  OK  [0m] Started Session 1 of user vagrant.
[[0;32m  OK  [0m] Started User Manager for UID 1000.
[   38.190882] cloud-init[1033]: Cloud-init v. 23.1.2-0ubuntu0~18.04.1 running 'modules:config' at Thu, 07 Sep 2023 13:40:47 +0000. Up 37.76 seconds.
[[0;32m  OK  [0m] Started Apply the settings specified in cloud-config.
[[0;32m  OK  [0m] Reached target Multi-User System.
[[0;32m  OK  [0m] Reached target Graphical Interface.
         Starting Update UTMP about System Runlevel Changes...
         Starting Execute cloud user/final scripts...
[[0;32m  OK  [0m] Started Update UTMP about System Runlevel Changes.

Ubuntu 18.04.6 LTS ubuntu-bionic ttyS0

ubuntu-bionic login: [   40.148087] cloud-init[1122]: Cloud-init v. 23.1.2-0ubuntu0~18.04.1 running 'modules:final' at Thu, 07 Sep 2023 13:40:49 +0000. Up 39.78 seconds.
[   40.157920] cloud-init[1122]: Cloud-init v. 23.1.2-0ubuntu0~18.04.1 finished at Thu, 07 Sep 2023 13:40:49 +0000. Datasource DataSourceNoCloud [seed=/dev/sdb][dsmode=net].  Up 40.13 seconds
[[0;32m  OK  [0m] Stopped Unattended Upgrades Shutdown.
         Stopping Availability of block devices...
[[0;32m  OK  [0m] Stopped target Graphical Interface.
         Stopping Accounts Service...
         Stopping User Manager for UID 1000...
[[0;32m  OK  [0m] Stopped target Host and Network Name Lookups.
         Stopping Authorization Manager...
[[0;32m  OK  [0m] Stopped target Timers.
[[0;32m  OK  [0m] Stopped Ubuntu Advantage Timer for running repeated jobs.
[[0;32m  OK  [0m] Stopped Daily Cleanup of Temporary Directories.
[[0;32m  OK  [0m] Stopped target Cloud-init target.
[[0;32m  OK  [0m] Stopped Execute cloud user/final scripts.
[[0;32m  OK  [0m] Stopped Apply the settings specified in cloud-config.
[[0;32m  OK  [0m] Stopped Discard unused blocks once a week.
[[0;32m  OK  [0m] Stopped Daily apt upgrade and clean activities.
[[0;32m  OK  [0m] Stopped Daily apt download activities.
         Stopping Session 5 of user vagrant.
[[0;32m  OK  [0m] Closed Load/Save RF Kill Switch Status /dev/rfkill Watch.
[[0;32m  OK  [0m] Stopped Message of the Day.
[[0;32m  OK  [0m] Stopped target System Time Synchronized.
[[0;32m  OK  [0m] Stopped target Cloud-config availability.
[[0;32m  OK  [0m] Stopped target Multi-User System.
         Stopping Deferred execution scheduler...
         Stopping D-Bus System Message Bus...
         Stopping System Logging Service...
         Stopping Virtualbox guest utils...
[[0;32m  OK  [0m] Stopped target Login Prompts.
         Stopping Serial Getty on ttyS0...
         Stopping Getty on tty1...
         Stopping Regular background program processing daemon...
         Stopping LSB: Record successful boot for GRUB...
         Stopping Dispatcher daemon for systemd-networkd...
[[0;32m  OK  [0m] Stopped Wait until snapd is fully seeded.
         Stopping irqbalance daemon...
         Stopping OpenBSD Secure Shell server...
         Stopping LSB: automatic crash report generation...
         Stopping FUSE filesystem for LXC...
         Stopping LXD - container startup/shutdown...
[[0;32m  OK  [0m] Unmounted /var/lib/lxcfs.
[[0;32m  OK  [0m] Stopped Dispatcher daemon for systemd-networkd.
[[0;32m  OK  [0m] Stopped System Logging Service.
[[0;32m  OK  [0m] Stopped irqbalance daemon.
[[0;32m  OK  [0m] Stopped Regular background program processing daemon.
[[0;32m  OK  [0m] Stopped Deferred execution scheduler.
[[0;32m  OK  [0m] Stopped Accounts Service.
[[0;32m  OK  [0m] Stopped Serial Getty on ttyS0.
[[0;32m  OK  [0m] Stopped Getty on tty1.
[[0;32m  OK  [0m] Stopped Authorization Manager.
[[0;32m  OK  [0m] Stopped OpenBSD Secure Shell server.
[[0;32m  OK  [0m] Stopped User Manager for UID 1000.
[[0;32m  OK  [0m] Stopped Availability of block devices.
[[0;32m  OK  [0m] Stopped D-Bus System Message Bus.
[[0;32m  OK  [0m] Stopped FUSE filesystem for LXC.
[[0;32m  OK  [0m] Stopped Session 5 of user vagrant.
[[0;32m  OK  [0m] Removed slice User Slice of vagrant.
         Stopping Login Service...
[[0;32m  OK  [0m] Removed slice system-getty.slice.
[[0;32m  OK  [0m] Removed slice system-serial\x2dgetty.slice.
[[0;32m  OK  [0m] Stopped target Login Prompts (Pre).
         Stopping Permit User Sessions...
[[0;32m  OK  [0m] Stopped Permit User Sessions.
[[0;32m  OK  [0m] Stopped LXD - container startup/shutdown.
[[0;32m  OK  [0m] Stopped LSB: Record successful boot for GRUB.
[[0;32m  OK  [0m] Stopped Login Service.
[[0;32m  OK  [0m] Stopped LSB: automatic crash report generation.
[[0;32m  OK  [0m] Stopped target Remote File Systems.
[[0;32m  OK  [0m] Stopped target User and Group Name Lookups.
[[0;32m  OK  [0m] Stopped Virtualbox guest utils.
[[0;32m  OK  [0m] Stopped target Basic System.
[[0;32m  OK  [0m] Stopped target Paths.
[[0;32m  OK  [0m] Stopped ACPI Events Check.
[[0;32m  OK  [0m] Stopped target Slices.
[[0;32m  OK  [0m] Removed slice User and Session Slice.
[[0;32m  OK  [0m] Stopped target Sockets.
[[0;32m  OK  [0m] Closed LXD - unix socket.
[[0;32m  OK  [0m] Closed Socket activation for snappy daemon.
[[0;32m  OK  [0m] Closed Open-iSCSI iscsid Socket.
[[0;32m  OK  [0m] Closed UUID daemon activation socket.
[[0;32m  OK  [0m] Closed cloud-init hotplug hook socket.
[[0;32m  OK  [0m] Closed D-Bus System Message Bus Socket.
[[0;32m  OK  [0m] Closed Syslog Socket.
[[0;32m  OK  [0m] Closed ACPID Listen Socket.
[[0;32m  OK  [0m] Stopped target System Initialization.
         Stopping Load/Save Random Seed...
[[0;32m  OK  [0m] Stopped target Local Encrypted Volumes.
[[0;32m  OK  [0m] Stopped Forward Password Requests to Wall Directory Watch.
[[0;32m  OK  [0m] Stopped Dispatch Password Requests to Console Directory Watch.
         Stopping Update UTMP about System Boot/Shutdown...
[[0;32m  OK  [0m] Stopped Load/Save Random Seed.
[[0;32m  OK  [0m] Stopped Update UTMP about System Boot/Shutdown.
[[0;32m  OK  [0m] Stopped Create Volatile Files and Directories.
[[0;32m  OK  [0m] Stopped target Local File Systems.
[[0;32m  OK  [0m] Stopped target Mounted snaps.
[[0;32m  OK  [0m] Stopped target Mounting snaps.
         Unmounting /run/user/1000...
         Unmounting /vagrant...
[[0;32m  OK  [0m] Unmounted /run/user/1000.
[[0;32m  OK  [0m] Stopped target Swap.
[[0;32m  OK  [0m] Unmounted /vagrant.
[[0;32m  OK  [0m] Reached target Unmount All Filesystems.
[[0;32m  OK  [0m] Stopped target Remote File Systems (Pre).
[[0;32m  OK  [0m] Stopped target Local File Systems (Pre).
[[0;32m  OK  [0m] Stopped Create Static Device Nodes in /dev.
         Stopping Monitoring of LVM2 mirrorsâ€¦ng dmeventd or progress polling...
[[0;32m  OK  [0m] Stopped target Network is Online.
[[0;32m  OK  [0m] Stopped Initial cloud-init job (metadata service crawler).
[[0;32m  OK  [0m] Stopped target Network.
         Stopping Network Service...
[[0;32m  OK  [0m] Stopped Monitoring of LVM2 mirrors,â€¦sing dmeventd or progress polling.
         Stopping LVM2 metadata daemon...
[[0;32m  OK  [0m] Stopped LVM2 metadata daemon.
[[0;32m  OK  [0m] Stopped Network Service.
[[0;32m  OK  [0m] Stopped Apply Kernel Variables.
[[0;32m  OK  [0m] Stopped Load Kernel Modules.
[[0;32m  OK  [0m] Stopped target Network (Pre).
[[0;32m  OK  [0m] Stopped Initial cloud-init job (pre-networking).
[[0;32m  OK  [0m] Stopped Remount Root and Kernel File Systems.
[[0;32m  OK  [0m] Reached target Shutdown.
[[0;32m  OK  [0m] Reached target Final Step.
         Starting Power-Off...
[ 1722.116902] reboot: Power down
